Component: Arm Compiler for Embedded 6.22 Tool: armlink [5ee90200]

==============================================================================

Section Cross References

    startup_stm32f407xx.o(STACK) refers (Special) to heapauxi.o(.text) for __use_two_region_memory
    startup_stm32f407xx.o(HEAP) refers (Special) to heapauxi.o(.text) for __use_two_region_memory
    startup_stm32f407xx.o(RESET) refers (Special) to heapauxi.o(.text) for __use_two_region_memory
    startup_stm32f407xx.o(RESET) refers to startup_stm32f407xx.o(STACK) for __initial_sp
    startup_stm32f407xx.o(RESET) refers to startup_stm32f407xx.o(.text) for Reset_Handler
    startup_stm32f407xx.o(RESET) refers to stm32f4xx_it.o(.text.NMI_Handler) for NMI_Handler
    startup_stm32f407xx.o(RESET) refers to stm32f4xx_it.o(.text.HardFault_Handler) for HardFault_Handler
    startup_stm32f407xx.o(RESET) refers to stm32f4xx_it.o(.text.MemManage_Handler) for MemManage_Handler
    startup_stm32f407xx.o(RESET) refers to stm32f4xx_it.o(.text.BusFault_Handler) for BusFault_Handler
    startup_stm32f407xx.o(RESET) refers to stm32f4xx_it.o(.text.UsageFault_Handler) for UsageFault_Handler
    startup_stm32f407xx.o(RESET) refers to port.o(.text.SVC_Handler) for SVC_Handler
    startup_stm32f407xx.o(RESET) refers to stm32f4xx_it.o(.text.DebugMon_Handler) for DebugMon_Handler
    startup_stm32f407xx.o(RESET) refers to port.o(.text.PendSV_Handler) for PendSV_Handler
    startup_stm32f407xx.o(RESET) refers to port.o(.text.SysTick_Handler) for SysTick_Handler
    startup_stm32f407xx.o(RESET) refers to stm32f4xx_it.o(.text.DMA1_Stream0_IRQHandler) for DMA1_Stream0_IRQHandler
    startup_stm32f407xx.o(RESET) refers to stm32f4xx_it.o(.text.DMA1_Stream1_IRQHandler) for DMA1_Stream1_IRQHandler
    startup_stm32f407xx.o(RESET) refers to stm32f4xx_it.o(.text.DMA1_Stream2_IRQHandler) for DMA1_Stream2_IRQHandler
    startup_stm32f407xx.o(RESET) refers to stm32f4xx_it.o(.text.DMA1_Stream3_IRQHandler) for DMA1_Stream3_IRQHandler
    startup_stm32f407xx.o(RESET) refers to stm32f4xx_it.o(.text.DMA1_Stream4_IRQHandler) for DMA1_Stream4_IRQHandler
    startup_stm32f407xx.o(RESET) refers to stm32f4xx_it.o(.text.DMA1_Stream5_IRQHandler) for DMA1_Stream5_IRQHandler
    startup_stm32f407xx.o(RESET) refers to stm32f4xx_it.o(.text.DMA1_Stream6_IRQHandler) for DMA1_Stream6_IRQHandler
    startup_stm32f407xx.o(RESET) refers to stm32f4xx_it.o(.text.CAN1_TX_IRQHandler) for CAN1_TX_IRQHandler
    startup_stm32f407xx.o(RESET) refers to stm32f4xx_it.o(.text.CAN1_RX0_IRQHandler) for CAN1_RX0_IRQHandler
    startup_stm32f407xx.o(RESET) refers to stm32f4xx_it.o(.text.TIM2_IRQHandler) for TIM2_IRQHandler
    startup_stm32f407xx.o(RESET) refers to stm32f4xx_it.o(.text.USART1_IRQHandler) for USART1_IRQHandler
    startup_stm32f407xx.o(RESET) refers to stm32f4xx_it.o(.text.USART2_IRQHandler) for USART2_IRQHandler
    startup_stm32f407xx.o(RESET) refers to stm32f4xx_it.o(.text.USART3_IRQHandler) for USART3_IRQHandler
    startup_stm32f407xx.o(RESET) refers to stm32f4xx_it.o(.text.DMA1_Stream7_IRQHandler) for DMA1_Stream7_IRQHandler
    startup_stm32f407xx.o(RESET) refers to stm32f4xx_it.o(.text.UART4_IRQHandler) for UART4_IRQHandler
    startup_stm32f407xx.o(RESET) refers to stm32f4xx_it.o(.text.UART5_IRQHandler) for UART5_IRQHandler
    startup_stm32f407xx.o(RESET) refers to stm32f4xx_it.o(.text.DMA2_Stream1_IRQHandler) for DMA2_Stream1_IRQHandler
    startup_stm32f407xx.o(RESET) refers to stm32f4xx_it.o(.text.DMA2_Stream2_IRQHandler) for DMA2_Stream2_IRQHandler
    startup_stm32f407xx.o(RESET) refers to stm32f4xx_it.o(.text.CAN2_TX_IRQHandler) for CAN2_TX_IRQHandler
    startup_stm32f407xx.o(RESET) refers to stm32f4xx_it.o(.text.CAN2_RX1_IRQHandler) for CAN2_RX1_IRQHandler
    startup_stm32f407xx.o(RESET) refers to stm32f4xx_it.o(.text.USART6_IRQHandler) for USART6_IRQHandler
    startup_stm32f407xx.o(.text) refers (Special) to heapauxi.o(.text) for __use_two_region_memory
    startup_stm32f407xx.o(.text) refers to system_stm32f4xx.o(.text.SystemInit) for SystemInit
    startup_stm32f407xx.o(.text) refers to __main.o(!!!main) for __main
    startup_stm32f407xx.o(.text) refers to startup_stm32f407xx.o(HEAP) for Heap_Mem
    startup_stm32f407xx.o(.text) refers to startup_stm32f407xx.o(STACK) for Stack_Mem
    main.o(.text.main) refers to stm32f4xx_hal.o(.text.HAL_Init) for HAL_Init
    main.o(.text.main) refers to main.o(.text.SystemClock_Config) for SystemClock_Config
    main.o(.text.main) refers to gpio.o(.text.MX_GPIO_Init) for MX_GPIO_Init
    main.o(.text.main) refers to dma.o(.text.MX_DMA_Init) for MX_DMA_Init
    main.o(.text.main) refers to can.o(.text.MX_CAN1_Init) for MX_CAN1_Init
    main.o(.text.main) refers to can.o(.text.MX_CAN2_Init) for MX_CAN2_Init
    main.o(.text.main) refers to tim.o(.text.MX_TIM1_Init) for MX_TIM1_Init
    main.o(.text.main) refers to tim.o(.text.MX_TIM4_Init) for MX_TIM4_Init
[...]
    hdma_uart4_rx                            0x20000b2c   Data          96  usart.o(.bss.hdma_uart4_rx)
    hdma_uart4_tx                            0x20000b8c   Data          96  usart.o(.bss.hdma_uart4_tx)
    hdma_uart5_rx                            0x20000bec   Data          96  usart.o(.bss.hdma_uart5_rx)
    hdma_uart5_tx                            0x20000c4c   Data          96  usart.o(.bss.hdma_uart5_tx)
    hdma_usart1_rx                           0x20000cac   Data          96  usart.o(.bss.hdma_usart1_rx)
    hdma_usart2_rx                           0x20000d0c   Data          96  usart.o(.bss.hdma_usart2_rx)
    hdma_usart2_tx                           0x20000d6c   Data          96  usart.o(.bss.hdma_usart2_tx)
    hdma_usart3_rx                           0x20000dcc   Data          96  usart.o(.bss.hdma_usart3_rx)
    hdma_usart3_tx                           0x20000e2c   Data          96  usart.o(.bss.hdma_usart3_tx)
    hdma_usart6_rx                           0x20000e8c   Data          96  usart.o(.bss.hdma_usart6_rx)
    height_err                               0x20000eec   Data           4  actions.o(.bss.height_err)
    htim1                                    0x20000ef0   Data          72  tim.o(.bss.htim1)
    htim14                                   0x20000f38   Data          72  tim.o(.bss.htim14)
    htim2                                    0x20000f80   Data          72  stm32f4xx_hal_timebase_tim.o(.bss.htim2)
    htim4                                    0x20000fc8   Data          72  tim.o(.bss.htim4)
    huart1                                   0x20001010   Data          72  usart.o(.bss.huart1)
    huart2                                   0x20001058   Data          72  usart.o(.bss.huart2)
    huart3                                   0x200010a0   Data          72  usart.o(.bss.huart3)
    huart4                                   0x200010e8   Data          72  usart.o(.bss.huart4)
    huart5                                   0x20001130   Data          72  usart.o(.bss.huart5)
    huart6                                   0x20001178   Data          72  usart.o(.bss.huart6)
    jump_flag                                0x200011c0   Data           1  remotetask.o(.bss.jump_flag)
    jump_motor_offset                        0x200011c4   Data           4  actions.o(.bss.jump_motor_offset)
    jump_motor_target_cur                    0x200011c8   Data           4  motorcontrol.o(.bss.jump_motor_target_cur)
    jump_motor_target_vel                    0x200011cc   Data           4  motorcontrol.o(.bss.jump_motor_target_vel)
    jy61p                                    0x200011d0   Data          11  remotetask.o(.bss.jy61p)
    jy61p_recv                               0x200011db   Data          11  remotetask.o(.bss.jy61p_recv)
    last_exp_vel                             0x200011e8   Data           4  motorcontrol.o(.bss.last_exp_vel)
    last_jump_motor_state                    0x200011ec   Data           1  motorcontrol.o(.bss.last_jump_motor_state)
    last_pack                                0x200011ed   Data          11  remotetask.o(.bss.last_pack)
    last_remoteRecv                          0x200011f8   Data          12  remotetask.o(.bss.last_remoteRecv)
    lv53_cur_dis                             0x20001204   Data           4  actions.o(.bss.lv53_cur_dis)
    lv53_recv_buf                            0x20001208   Data          64  remotetask.o(.bss.lv53_recv_buf)
    motor_control_task_handle                0x20001248   Data           4  freertos.o(.bss.motor_control_task_handle)
    motor_cur1                               0x2000124c   Data           4  motorcontrol.o(.bss.motor_cur1)
    motor_cur2                               0x20001250   Data           4  motorcontrol.o(.bss.motor_cur2)
    move_control_handle                      0x20001254   Data           4  freertos.o(.bss.move_control_handle)
    pickup_flag                              0x20001258   Data           1  remotetask.o(.bss.pickup_flag)
    pickup_nextstep                          0x20001259   Data           1  actions.o(.bss.pickup_nextstep)
    position                                 0x2000125a   Data           7  remotetask.o(.bss.position)
    position_recv_buf                        0x20001261   Data           7  remotetask.o(.bss.position_recv_buf)
    pxCurrentTCB                             0x20001268   Data           4  tasks.o(.bss.pxCurrentTCB)
    ready_jump_flag                          0x20001304   Data           1  remotetask.o(.bss.ready_jump_flag)
    remote                                   0x20001305   Data          21  movecontrol.o(.bss.remote)
    remoteRecv                               0x2000131a   Data          12  remotetask.o(.bss.remoteRecv)
    remote_recv_buf                          0x20001326   Data          12  remotetask.o(.bss.remote_recv_buf)
    remote_rocker4                           0x20001334   Data           4  actions.o(.bss.remote_rocker4)
    remote_semaphore                         0x20001338   Data           4  freertos.o(.bss.remote_semaphore)
    remote_task_handle                       0x2000133c   Data           4  freertos.o(.bss.remote_task_handle)
    reset_flag                               0x20001340   Data           1  remotetask.o(.bss.reset_flag)
    robot                                    0x20001344   Data          28  movecontrol.o(.bss.robot)
    robot_state                              0x20001360   Data           1  remotetask.o(.bss.robot_state)
    throw_flag                               0x20001410   Data           1  remotetask.o(.bss.throw_flag)
    throw_motor_target_rad                   0x20001414   Data           4  motorcontrol.o(.bss.throw_motor_target_rad)
    throw_motor_target_torque                0x20001418   Data           4  motorcontrol.o(.bss.throw_motor_target_torque)
    throw_motor_target_vel                   0x2000141c   Data           4  motorcontrol.o(.bss.throw_motor_target_vel)
    throw_motor_vel_mode                     0x20001420   Data           1  motorcontrol.o(.bss.throw_motor_vel_mode)
    throw_pos_pid                            0x20001424   Data          36  motorcontrol.o(.bss.throw_pos_pid)
    throw_ready_flag                         0x20001448   Data           1  remotetask.o(.bss.throw_ready_flag)
    throw_vel_pid                            0x2000144c   Data          36  motorcontrol.o(.bss.throw_vel_pid)
    use_pc                                   0x20005078   Data           1  remotetask.o(.bss.use_pc)
    uwTick                                   0x2000507c   Data           4  stm32f4xx_hal.o(.bss.uwTick)



==============================================================================

Memory Map of the image

  Image Entry point : 0x08000189

  Load Region LR_IROM1 (Base: 0x08000000, Size: 0x00012548, Max: 0x00080000, ABSOLUTE, COMPRESSED[0x000121e0])

    Execution Region ER_IROM1 (Exec base: 0x08000000, Load base: 0x08000000, Size: 0x00012068, Max: 0x00080000, ABSOLUTE)

    Exec Addr    Load Addr    Size         Type   Attr      Idx    E Section Name        Object

    0x08000000   0x08000000   0x00000188   Data   RO            3    RESET               startup_stm32f407xx.o
    0x08000188   0x08000188   0x00000008   Code   RO         2529  * !!!main             c_w.l(__main.o)
    0x08000190   0x08000190   0x0000005c   Code   RO         3068    !!!scatter          c_w.l(__scatter.o)
    0x080001ec   0x080001ec   0x0000005a   Code   RO         3066    !!dczerorl2         c_w.l(__dczerorl2.o)
    0x08000246   0x08000246   0x00000002   PAD
    0x08000248   0x08000248   0x00000002   Code   RO         3069    !!handler_null      c_w.l(__scatter.o)
    0x0800024a   0x0800024a   0x00000002   PAD
    0x0800024c   0x0800024c   0x0000001c   Code   RO         3072    !!handler_zi        c_w.l(__scatter_zi.o)
    0x08000268   0x08000268   0x00000002   Code   RO         2924    .ARM.Collect$$libinit$$00000000  c_w.l(libinit.o)
    0x0800026a   0x0800026a   0x00000004   Code   RO         2658    .ARM.Collect$$libinit$$00000001  c_w.l(libinit2.o)
    0x0800026e   0x0800026e   0x00000000   Code   RO         2661    .ARM.Collect$$libinit$$00000004  c_w.l(libinit2.o)
    0x0800026e   0x0800026e   0x00000000   Code   RO         2663    .ARM.Collect$$libinit$$00000006  c_w.l(libinit2.o)
    0x0800026e   0x0800026e   0x00000000   Code   RO         2666    .ARM.Collect$$libinit$$0000000C  c_w.l(libinit2.o)
    0x0800026e   0x0800026e   0x00000000   Code   RO         2668    .ARM.Collect$$libinit$$0000000E  c_w.l(libinit2.o)
    0x0800026e   0x0800026e   0x00000000   Code   RO         2670    .ARM.Collect$$libinit$$00000010  c_w.l(libinit2.o)
    0x0800026e   0x0800026e   0x00000006   Code   RO         2671    .ARM.Collect$$libinit$$00000011  c_w.l(libinit2.o)
    0x08000274   0x08000274   0x00000000   Code   RO         2673    .ARM.Collect$$libinit$$00000013  c_w.l(libinit2.o)
    0x08000274   0x08000274   0x0000000c   Code   RO         2674    .ARM.Collect$$libinit$$00000014  c_w.l(libinit2.o)
    0x08000280   0x08000280   0x00000000   Code   RO         2675    .ARM.Collect$$libinit$$00000015  c_w.l(libinit2.o)
    0x08000280   0x08000280   0x00000000   Code   RO         2677    .ARM.Collect$$libinit$$00000017  c_w.l(libinit2.o)
    0x08000280   0x08000280   0x0000000a   Code   RO         2678    .ARM.Collect$$libinit$$00000018  c_w.l(libinit2.o)
    0x0800028a   0x0800028a   0x00000000   Code   RO         2679    .ARM.Collect$$libinit$$00000019  c_w.l(libinit2.o)
    0x0800028a   0x0800028a   0x00000000   Code   RO         2681    .ARM.Collect$$libinit$$0000001B  c_w.l(libinit2.o)
    0x0800028a   0x0800028a   0x00000000   Code   RO         2683    .ARM.Collect$$libinit$$0000001D  c_w.l(libinit2.o)
    0x0800028a   0x0800028a   0x00000000   Code   RO         2685    .ARM.Collect$$libinit$$0000001F  c_w.l(libinit2.o)
    0x0800028a   0x0800028a   0x00000000   Code   RO         2687    .ARM.Collect$$libinit$$00000021  c_w.l(libinit2.o)
    0x0800028a   0x0800028a   0x00000000   Code   RO         2689    .ARM.Collect$$libinit$$00000023  c_w.l(libinit2.o)
    0x0800028a   0x0800028a   0x00000000   Code   RO         2691    .ARM.Collect$$libinit$$00000025  c_w.l(libinit2.o)
    0x0800028a   0x0800028a   0x00000000   Code   RO         2693    .ARM.Collect$$libinit$$00000027  c_w.l(libinit2.o)
    0x0800028a   0x0800028a   0x00000000   Code   RO         2697    .ARM.Collect$$libinit$$0000002E  c_w.l(libinit2.o)
    0x0800028a   0x0800028a   0x00000000   Code   RO         2699    .ARM.Collect$$libinit$$00000030  c_w.l(libinit2.o)
    0x0800028a   0x0800028a   0x00000000   Code   RO         2701    .ARM.Collect$$libinit$$00000032  c_w.l(libinit2.o)
    0x0800028a   0x0800028a   0x00000000   Code   RO         2703    .ARM.Collect$$libinit$$00000034  c_w.l(libinit2.o)
    0x0800028a   0x0800028a   0x00000002   Code   RO         2704    .ARM.Collect$$libinit$$00000035  c_w.l(libinit2.o)
    0x0800028c   0x0800028c   0x00000002   Code   RO         3055    .ARM.Collect$$libshutdown$$00000000  c_w.l(libshutdown.o)
    0x0800028e   0x0800028e   0x00000000   Code   RO         2992    .ARM.Collect$$libshutdown$$00000002  c_w.l(libshutdown2.o)
    0x0800028e   0x0800028e   0x00000000   Code   RO         2994    .ARM.Collect$$libshutdown$$00000004  c_w.l(libshutdown2.o)
    0x0800028e   0x0800028e   0x00000000   Code   RO         2997    .ARM.Collect$$libshutdown$$00000007  c_w.l(libshutdown2.o)
    0x0800028e   0x0800028e   0x00000000   Code   RO         3000    .ARM.Collect$$libshutdown$$0000000A  c_w.l(libshutdown2.o)
    0x0800028e   0x0800028e   0x00000000   Code   RO         3002    .ARM.Collect$$libshutdown$$0000000C  c_w.l(libshutdown2.o)
    0x0800028e   0x0800028e   0x00000000   Code   RO         3005    .ARM.Collect$$libshutdown$$0000000F  c_w.l(libshutdown2.o)
    0x0800028e   0x0800028e   0x00000002   Code   RO         3006    .ARM.Collect$$libshutdown$$00000010  c_w.l(libshutdown2.o)
    0x08000290   0x08000290   0x00000000   Code   RO         2606    .ARM.Collect$$rtentry$$00000000  c_w.l(__rtentry.o)
    0x08000290   0x08000290   0x00000000   Code   RO         2778    .ARM.Collect$$rtentry$$00000002  c_w.l(__rtentry2.o)
    0x08000290   0x08000290   0x00000006   Code   RO         2790    .ARM.Collect$$rtentry$$00000004  c_w.l(__rtentry4.o)
    0x08000296   0x08000296   0x00000000   Code   RO         2780    .ARM.Collect$$rtentry$$00000009  c_w.l(__rtentry2.o)
    0x08000296   0x08000296   0x00000004   Code   RO         2781    .ARM.Collect$$rtentry$$0000000A  c_w.l(__rtentry2.o)
    0x0800029a   0x0800029a   0x00000000   Code   RO         2783    .ARM.Collect$$rtentry$$0000000C  c_w.l(__rtentry2.o)
    0x0800029a   0x0800029a   0x00000008   Code   RO         2784    .ARM.Collect$$rtentry$$0000000D  c_w.l(__rtentry2.o)
    0x080002a2   0x080002a2   0x00000002   Code   RO         2949    .ARM.Collect$$rtexit$$00000000  c_w.l(rtexit.o)
    0x080002a4   0x080002a4   0x00000000   Code   RO         3020    .ARM.Collect$$rtexit$$00000002  c_w.l(rtexit2.o)
    0x080002a4   0x080002a4   0x00000004   Code   RO         3021    .ARM.Collect$$rtexit$$00000003  c_w.l(rtexit2.o)
    0x080002a8   0x080002a8   0x00000006   Code   RO         3022    .ARM.Collect$$rtexit$$00000004  c_w.l(rtexit2.o)
    0x080002ae   0x080002ae   0x00000002   PAD
    0x080002b0   0x080002b0   0x00000040   Code   RO            4    .text               startup_stm32f407xx.o
    0x080002f0   0x080002f0   0x000000f0   Code   RO         2515    .text               c_w.l(lludivv7m.o)
    0x080003e0   0x080003e0   0x0000003c   Code   RO         2517    .text               c_w.l(sscanf.o)
    0x0800041c   0x0800041c   0x0000008a   Code   RO         2519    .text               c_w.l(rt_memcpy_v6.o)
    0x080004a6   0x080004a6   0x00000010   Code   RO         2523    .text               c_w.l(aeabi_memset4.o)
    0x080004b6   0x080004b6   0x0000004e   Code   RO         2525    .text               c_w.l(rt_memclr_w.o)
    0x08000504   0x08000504   0x00000006   Code   RO         2527    .text               c_w.l(heapauxi.o)
    0x0800050a   0x0800050a   0x00000016   Code   RO         2634    .text               c_w.l(_rserrno.o)
    0x08000520   0x08000520   0x00000156   Code   RO         2636    .text               c_w.l(_scanf_longlong.o)
    0x08000676   0x08000676   0x0000014c   Code   RO         2638    .text               c_w.l(_scanf_int.o)
    0x080007c2   0x080007c2   0x000000e0   Code   RO         2640    .text               c_w.l(_scanf_str.o)
    0x080008a2   0x080008a2   0x00000002   PAD
    0x080008a4   0x080008a4   0x0000002c   Code   RO         2642    .text               c_w.l(scanf_char.o)
    0x080008d0   0x080008d0   0x00000040   Code   RO         2644    .text               c_w.l(_sgetc.o)
    0x08000910   0x08000910   0x00000114   Code   RO         2646    .text               c_w.l(_scanf_mbtowc.o)
    0x08000a24   0x08000a24   0x000000e8   Code   RO         2648    .text               c_w.l(_scanf_wctomb.o)
    0x08000b0c   0x08000b0c   0x000000d0   Code   RO         2650    .text               c_w.l(_scanf_wstr.o)
    0x08000bdc   0x08000bdc   0x00000064   Code   RO         2652    .text               c_w.l(rt_memcpy_w.o)
    0x08000c40   0x08000c40   0x00000008   Code   RO         2774    .text               c_w.l(libspace.o)
    0x08000c48   0x08000c48   0x00000008   Code   RO         2797    .text               c_w.l(rt_errno_addr_intlibspace.o)
    0x08000c50   0x08000c50   0x00000012   Code   RO         2807    .text               c_w.l(isspace.o)
    0x08000c62   0x08000c62   0x0000001c   Code   RO         2809    .text               c_w.l(_chval.o)
    0x08000c7e   0x08000c7e   0x00000002   PAD
    0x08000c80   0x08000c80   0x00000374   Code   RO         2811    .text               c_w.l(_scanf.o)
    0x08000ff4   0x08000ff4   0x000004f8   Code   RO         2813    .text               c_w.l(scanf_fp.o)
    0x080014ec   0x080014ec   0x0000001e   Code   RO         2819    .text               c_w.l(_scanf_wcharmap.o)
    0x0800150a   0x0800150a   0x00000040   Code   RO         2821    .text               c_w.l(_mbrtoc16.o)
    0x0800154a   0x0800154a   0x00000048   Code   RO         2823    .text               c_w.l(_c16rtomb.o)
    0x08001592   0x08001592   0x00000002   Code   RO         2852    .text               c_w.l(use_no_semi.o)
    0x08001594   0x08001594   0x00000000   Code   RO         2854    .text               c_w.l(indicate_semi.o)
    0x08001594   0x08001594   0x0000004a   Code   RO         2855    .text               c_w.l(sys_stackheap_outer.o)
    0x080015de   0x080015de   0x00000002   PAD
    0x080015e0   0x080015e0   0x00000010   Code   RO         2857    .text               c_w.l(rt_ctype_table.o)
    0x080015f0   0x080015f0   0x00000008   Code   RO         2864    .text               c_w.l(rt_locale_intlibspace.o)
    0x080015f8   0x080015f8   0x00000026   Code   RO         2868    .text               c_w.l(llshl.o)
    0x0800161e   0x0800161e   0x00000002   PAD
    0x08001620   0x08001620   0x000000e4   Code   RO         2872    .text               c_w.l(bigflt0.o)
    0x08001704   0x08001704   0x00000012   Code   RO         2903    .text               c_w.l(exit.o)
    0x08001716   0x08001716   0x00000002   PAD
    0x08001718   0x08001718   0x0000000c   Code   RO         2945    .text               c_w.l(sys_exit.o)
    0x08001724   0x08001724   0x00000320   Code   RO         2974    .text               c_w.l(scanf_hexfp.o)
    0x08001a44   0x08001a44   0x00000134   Code   RO         2976    .text               c_w.l(scanf_infnan.o)
    0x08001b78   0x08001b78   0x0000007c   Code   RO         2989    .text               c_w.l(strcmpv7em.o)
    0x08001bf4   0x08001bf4   0x000000fa   Code   RO         2069    .text.ActionDealTask  motorcontrol.o
    0x08001cee   0x08001cee   0x00000002   PAD
    0x08001cf0   0x08001cf0   0x000004b8   Code   RO         2176    .text.BackThrowAction  actions.o
    0x080021a8   0x080021a8   0x00000004   Code   RO          162    .text.BusFault_Handler  stm32f4xx_it.o
    0x080021ac   0x080021ac   0x00000010   Code   RO          184    .text.CAN1_RX0_IRQHandler  stm32f4xx_it.o
    0x080021bc   0x080021bc   0x00000010   Code   RO          182    .text.CAN1_TX_IRQHandler  stm32f4xx_it.o
    0x080021cc   0x080021cc   0x00000010   Code   RO          206    .text.CAN2_RX1_IRQHandler  stm32f4xx_it.o
    0x080021dc   0x080021dc   0x00000010   Code   RO          204    .text.CAN2_TX_IRQHandler  stm32f4xx_it.o
    0x080021ec   0x080021ec   0x0000004a   Code   RO         1736    .text.CAN_Receive_DataFrame  candrive.o
    0x08002236   0x08002236   0x00000002   PAD
    0x08002238   0x08002238   0x00000038   Code   RO         1732    .text.CAN_Send_StdDataFrame  candrive.o
    0x08002270   0x08002270   0x00000060   Code   RO         1730    .text.CanFilter_Init  candrive.o
    0x080022d0   0x080022d0   0x00000010   Code   RO          168    .text.DMA1_Stream0_IRQHandler  stm32f4xx_it.o
    0x080022e0   0x080022e0   0x00000010   Code   RO          170    .text.DMA1_Stream1_IRQHandler  stm32f4xx_it.o
    0x080022f0   0x080022f0   0x00000010   Code   RO          172    .text.DMA1_Stream2_IRQHandler  stm32f4xx_it.o
    0x08002300   0x08002300   0x00000010   Code   RO          174    .text.DMA1_Stream3_IRQHandler  stm32f4xx_it.o
    0x08002310   0x08002310   0x00000010   Code   RO          176    .text.DMA1_Stream4_IRQHandler  stm32f4xx_it.o
    0x08002320   0x08002320   0x00000010   Code   RO          178    .text.DMA1_Stream5_IRQHandler  stm32f4xx_it.o
    0x08002330   0x08002330   0x00000010   Code   RO          180    .text.DMA1_Stream6_IRQHandler  stm32f4xx_it.o
    0x08002340   0x08002340   0x00000010   Code   RO          194    .text.DMA1_Stream7_IRQHandler  stm32f4xx_it.o
    0x08002350   0x08002350   0x00000010   Code   RO          200    .text.DMA2_Stream1_IRQHandler  stm32f4xx_it.o
    0x08002360   0x08002360   0x00000010   Code   RO          202    .text.DMA2_Stream2_IRQHandler  stm32f4xx_it.o
    0x08002370   0x08002370   0x00000056   Code   RO          832    .text.DMA_CalcBaseAndBitshift  stm32f4xx_hal_dma.o
    0x080023c6   0x080023c6   0x00000002   PAD
    0x080023c8   0x080023c8   0x000000f0   Code   RO          830    .text.DMA_CheckFifoParam  stm32f4xx_hal_dma.o
    0x080024b8   0x080024b8   0x00000050   Code   RO          838    .text.DMA_SetConfig  stm32f4xx_hal_dma.o
    0x08002508   0x08002508   0x00000040   Code   RO         2036    .text.DWT_CNT_Update  bsp_dwt.o
    0x08002548   0x08002548   0x00000058   Code   RO         2034    .text.DWT_GetDeltaT  bsp_dwt.o
    0x080025a0   0x080025a0   0x00000002   Code   RO          166    .text.DebugMon_Handler  stm32f4xx_it.o
    0x080025a2   0x080025a2   0x00000002   PAD
    0x080025a4   0x080025a4   0x00000328   Code   RO         2190    .text.DefendAction  actions.o
    0x080028cc   0x080028cc   0x000000ec   Code   RO         2182    .text.DribbleAction2  actions.o
    0x080029b8   0x080029b8   0x00000006   Code   RO           15    .text.Error_Handler  main.o
    0x080029be   0x080029be   0x00000002   PAD
    0x080029c0   0x080029c0   0x000007a0   Code   RO         2020    .text.Fuzzy_Rule_Implementation  vague_pid.o
    0x08003160   0x08003160   0x00000088   Code   RO         2018    .text.Fuzzy_Rule_Init  vague_pid.o
    0x080031e8   0x080031e8   0x00000052   Code   RO          609    .text.HAL_CAN_ActivateNotification  stm32f4xx_hal_can.o
    0x0800323a   0x0800323a   0x00000002   PAD
    0x0800323c   0x0800323c   0x00000156   Code   RO          595    .text.HAL_CAN_AddTxMessage  stm32f4xx_hal_can.o
    0x08003392   0x08003392   0x00000002   PAD
    0x08003394   0x08003394   0x000001a4   Code   RO          585    .text.HAL_CAN_ConfigFilter  stm32f4xx_hal_can.o
    0x08003538   0x08003538   0x0000004c   Code   RO         2077    .text.HAL_CAN_ErrorCallback  motorcontrol.o
    0x08003584   0x08003584   0x00000212   Code   RO          605    .text.HAL_CAN_GetRxMessage  stm32f4xx_hal_can.o
    0x08003796   0x08003796   0x00000002   PAD
    0x08003798   0x08003798   0x000003f2   Code   RO          613    .text.HAL_CAN_IRQHandler  stm32f4xx_hal_can.o
    0x08003b8a   0x08003b8a   0x00000002   PAD
    0x08003b8c   0x08003b8c   0x000001de   Code   RO          575    .text.HAL_CAN_Init  stm32f4xx_hal_can.o
    0x08003d6a   0x08003d6a   0x00000002   PAD
    0x08003d6c   0x08003d6c   0x000001b0   Code   RO           69    .text.HAL_CAN_MspInit  can.o
    0x08003f1c   0x08003f1c   0x00000008   Code   RO          627    .text.HAL_CAN_RxFifo0FullCallback  stm32f4xx_hal_can.o
    0x08003f24   0x08003f24   0x0000005a   Code   RO         2073    .text.HAL_CAN_RxFifo0MsgPendingCallback  motorcontrol.o
    0x08003f7e   0x08003f7e   0x00000002   PAD
    0x08003f80   0x08003f80   0x00000008   Code   RO          631    .text.HAL_CAN_RxFifo1FullCallback  stm32f4xx_hal_can.o
    0x08003f88   0x08003f88   0x0000003a   Code   RO         2075    .text.HAL_CAN_RxFifo1MsgPendingCallback  motorcontrol.o
    0x08003fc2   0x08003fc2   0x00000002   PAD
    0x08003fc4   0x08003fc4   0x00000008   Code   RO          635    .text.HAL_CAN_SleepCallback  stm32f4xx_hal_can.o
    0x08003fcc   0x08003fcc   0x0000008a   Code   RO          587    .text.HAL_CAN_Start  stm32f4xx_hal_can.o
    0x08004056   0x08004056   0x00000002   PAD
    0x08004058   0x08004058   0x00000008   Code   RO          617    .text.HAL_CAN_TxMailbox0AbortCallback  stm32f4xx_hal_can.o
    0x08004060   0x08004060   0x00000008   Code   RO          615    .text.HAL_CAN_TxMailbox0CompleteCallback  stm32f4xx_hal_can.o
    0x08004068   0x08004068   0x00000008   Code   RO          621    .text.HAL_CAN_TxMailbox1AbortCallback  stm32f4xx_hal_can.o
    0x08004070   0x08004070   0x00000008   Code   RO          619    .text.HAL_CAN_TxMailbox1CompleteCallback  stm32f4xx_hal_can.o
    0x08004078   0x08004078   0x00000008   Code   RO          625    .text.HAL_CAN_TxMailbox2AbortCallback  stm32f4xx_hal_can.o
    0x08004080   0x08004080   0x00000008   Code   RO          623    .text.HAL_CAN_TxMailbox2CompleteCallback  stm32f4xx_hal_can.o
    0x08004088   0x08004088   0x00000008   Code   RO          637    .text.HAL_CAN_WakeUpFromRxMsgCallback  stm32f4xx_hal_can.o
    0x08004090   0x08004090   0x000000ec   Code   RO          842    .text.HAL_DMA_Abort  stm32f4xx_hal_dma.o
    0x0800417c   0x0800417c   0x00000044   Code   RO          844    .text.HAL_DMA_Abort_IT  stm32f4xx_hal_dma.o
    0x080041c0   0x080041c0   0x0000031e   Code   RO          848    .text.HAL_DMA_IRQHandler  stm32f4xx_hal_dma.o
    0x080044de   0x080044de   0x00000002   PAD
    0x080044e0   0x080044e0   0x0000016e   Code   RO          828    .text.HAL_DMA_Init  stm32f4xx_hal_dma.o
    0x0800464e   0x0800464e   0x00000002   PAD
    0x08004650   0x08004650   0x000000c2   Code   RO          840    .text.HAL_DMA_Start_IT  stm32f4xx_hal_dma.o
    0x08004712   0x08004712   0x00000002   PAD
    0x08004714   0x08004714   0x000003b6   Code   RO          790    .text.HAL_GPIO_Init  stm32f4xx_hal_gpio.o
    0x08004aca   0x08004aca   0x00000002   PAD
    0x08004acc   0x08004acc   0x0000002e   Code   RO          794    .text.HAL_GPIO_ReadPin  stm32f4xx_hal_gpio.o
    0x08004afa   0x08004afa   0x00000002   PAD
    0x08004afc   0x08004afc   0x0000002e   Code   RO          796    .text.HAL_GPIO_WritePin  stm32f4xx_hal_gpio.o
    0x08004b2a   0x08004b2a   0x00000002   PAD
    0x08004b2c   0x08004b2c   0x0000000c   Code   RO         1015    .text.HAL_GetTick   stm32f4xx_hal.o
    0x08004b38   0x08004b38   0x0000001a   Code   RO         1013    .text.HAL_IncTick   stm32f4xx_hal.o
    0x08004b52   0x08004b52   0x00000002   PAD
    0x08004b54   0x08004b54   0x00000036   Code   RO         1003    .text.HAL_Init      stm32f4xx_hal.o
    0x08004b8a   0x08004b8a   0x00000002   PAD
    0x08004b8c   0x08004b8c   0x000000ec   Code   RO          225    .text.HAL_InitTick  stm32f4xx_hal_timebase_tim.o
    0x08004c78   0x08004c78   0x00000058   Code   RO          217    .text.HAL_MspInit   stm32f4xx_hal_msp.o
    0x08004cd0   0x08004cd0   0x00000014   Code   RO          938    .text.HAL_NVIC_EnableIRQ  stm32f4xx_hal_cortex.o
    0x08004ce4   0x08004ce4   0x00000032   Code   RO          930    .text.HAL_NVIC_SetPriority  stm32f4xx_hal_cortex.o
    0x08004d16   0x08004d16   0x00000002   PAD
    0x08004d18   0x08004d18   0x00000010   Code   RO          926    .text.HAL_NVIC_SetPriorityGrouping  stm32f4xx_hal_cortex.o
    0x08004d28   0x08004d28   0x00000262   Code   RO          658    .text.HAL_RCC_ClockConfig  stm32f4xx_hal_rcc.o
    0x08004f8a   0x08004f8a   0x00000002   PAD
    0x08004f8c   0x08004f8c   0x00000054   Code   RO          676    .text.HAL_RCC_GetClockConfig  stm32f4xx_hal_rcc.o
    0x08004fe0   0x08004fe0   0x0000000c   Code   RO          668    .text.HAL_RCC_GetHCLKFreq  stm32f4xx_hal_rcc.o
    0x08004fec   0x08004fec   0x00000022   Code   RO          670    .text.HAL_RCC_GetPCLK1Freq  stm32f4xx_hal_rcc.o
    0x0800500e   0x0800500e   0x00000002   PAD
    0x08005010   0x08005010   0x00000022   Code   RO          672    .text.HAL_RCC_GetPCLK2Freq  stm32f4xx_hal_rcc.o
    0x08005032   0x08005032   0x00000002   PAD
    0x08005034   0x08005034   0x000000e6   Code   RO          660    .text.HAL_RCC_GetSysClockFreq  stm32f4xx_hal_rcc.o
    0x0800511a   0x0800511a   0x00000002   PAD
    0x0800511c   0x0800511c   0x000006be   Code   RO          656    .text.HAL_RCC_OscConfig  stm32f4xx_hal_rcc.o
    0x080057da   0x080057da   0x00000002   PAD
    0x080057dc   0x080057dc   0x00000008   Code   RO          562    .text.HAL_TIMEx_BreakCallback  stm32f4xx_hal_tim_ex.o
    0x080057e4   0x080057e4   0x00000008   Code   RO          558    .text.HAL_TIMEx_CommutCallback  stm32f4xx_hal_tim_ex.o
    0x080057ec   0x080057ec   0x000000b2   Code   RO          554    .text.HAL_TIMEx_ConfigBreakDeadTime  stm32f4xx_hal_tim_ex.o
    0x0800589e   0x0800589e   0x00000002   PAD
    0x080058a0   0x080058a0   0x00000122   Code   RO          552    .text.HAL_TIMEx_MasterConfigSynchronization  stm32f4xx_hal_tim_ex.o
    0x080059c2   0x080059c2   0x00000002   PAD
    0x080059c4   0x080059c4   0x0000009c   Code   RO          239    .text.HAL_TIM_Base_Init  stm32f4xx_hal_tim.o
    0x08005a60   0x08005a60   0x0000003e   Code   RO          101    .text.HAL_TIM_Base_MspInit  tim.o
    0x08005a9e   0x08005a9e   0x00000002   PAD
    0x08005aa0   0x08005aa0   0x000000f6   Code   RO          253    .text.HAL_TIM_Base_Start_IT  stm32f4xx_hal_tim.o
    0x08005b96   0x08005b96   0x00000002   PAD
    0x08005b98   0x08005b98   0x00000008   Code   RO          375    .text.HAL_TIM_IC_CaptureCallback  stm32f4xx_hal_tim.o
    0x08005ba0   0x08005ba0   0x0000021a   Code   RO          373    .text.HAL_TIM_IRQHandler  stm32f4xx_hal_tim.o
    0x08005dba   0x08005dba   0x00000002   PAD
    0x08005dbc   0x08005dbc   0x000000c4   Code   RO           93    .text.HAL_TIM_MspPostInit  tim.o
    0x08005e80   0x08005e80   0x00000008   Code   RO          377    .text.HAL_TIM_OC_DelayElapsedCallback  stm32f4xx_hal_tim.o
    0x08005e88   0x08005e88   0x00000142   Code   RO          405    .text.HAL_TIM_PWM_ConfigChannel  stm32f4xx_hal_tim.o
    0x08005fca   0x08005fca   0x00000002   PAD
    0x08005fcc   0x08005fcc   0x0000009c   Code   RO          293    .text.HAL_TIM_PWM_Init  stm32f4xx_hal_tim.o
    0x08006068   0x08006068   0x00000074   Code   RO           99    .text.HAL_TIM_PWM_MspInit  tim.o
    0x080060dc   0x080060dc   0x00000008   Code   RO          379    .text.HAL_TIM_PWM_PulseFinishedCallback  stm32f4xx_hal_tim.o
    0x080060e4   0x080060e4   0x000001ca   Code   RO          301    .text.HAL_TIM_PWM_Start  stm32f4xx_hal_tim.o
    0x080062ae   0x080062ae   0x00000002   PAD
    0x080062b0   0x080062b0   0x0000001c   Code   RO           17    .text.HAL_TIM_PeriodElapsedCallback  main.o
    0x080062cc   0x080062cc   0x00000008   Code   RO          383    .text.HAL_TIM_TriggerCallback  stm32f4xx_hal_tim.o
    0x080062d4   0x080062d4   0x000000c2   Code   RO         1146    .text.HAL_UARTEx_ReceiveToIdle_DMA  stm32f4xx_hal_uart.o
    0x08006396   0x08006396   0x00000002   PAD
    0x08006398   0x08006398   0x00000600   Code   RO         2126    .text.HAL_UARTEx_RxEventCallback  remotetask.o
    0x08006998   0x08006998   0x000000cc   Code   RO         1136    .text.HAL_UART_DMAStop  stm32f4xx_hal_uart.o
    0x08006a64   0x08006a64   0x000000d0   Code   RO         2128    .text.HAL_UART_ErrorCallback  remotetask.o
    0x08006b34   0x08006b34   0x0000042c   Code   RO         1176    .text.HAL_UART_IRQHandler  stm32f4xx_hal_uart.o
    0x08006f60   0x08006f60   0x0000009e   Code   RO         1092    .text.HAL_UART_Init  stm32f4xx_hal_uart.o
    0x08006ffe   0x08006ffe   0x00000002   PAD
    0x08007000   0x08007000   0x00000712   Code   RO          129    .text.HAL_UART_MspInit  usart.o
    0x08007712   0x08007712   0x00000002   PAD
    0x08007714   0x08007714   0x00000008   Code   RO         1194    .text.HAL_UART_RxCpltCallback  stm32f4xx_hal_uart.o
    0x0800771c   0x0800771c   0x00000008   Code   RO         1196    .text.HAL_UART_RxHalfCpltCallback  stm32f4xx_hal_uart.o
    0x08007724   0x08007724   0x000000e2   Code   RO         1120    .text.HAL_UART_Transmit_DMA  stm32f4xx_hal_uart.o
    0x08007806   0x08007806   0x00000002   PAD
    0x08007808   0x08007808   0x00000008   Code   RO         1190    .text.HAL_UART_TxCpltCallback  stm32f4xx_hal_uart.o
    0x08007810   0x08007810   0x00000008   Code   RO         1192    .text.HAL_UART_TxHalfCpltCallback  stm32f4xx_hal_uart.o
    0x08007818   0x08007818   0x00000004   Code   RO          158    .text.HardFault_Handler  stm32f4xx_it.o
    0x0800781c   0x0800781c   0x0000037c   Code   RO         2186    .text.JumpAction    actions.o
    0x08007b98   0x08007b98   0x00000098   Code   RO         1878    .text.Kalman_Filter  kalman.o
    0x08007c30   0x08007c30   0x0000008c   Code   RO         1757    .text.M2006_Receive  motor.o
    0x08007cbc   0x08007cbc   0x0000004e   Code   RO           65    .text.MX_CAN1_Init  can.o
    0x08007d0a   0x08007d0a   0x00000002   PAD
    0x08007d0c   0x08007d0c   0x0000004e   Code   RO           67    .text.MX_CAN2_Init  can.o
    0x08007d5a   0x08007d5a   0x00000002   PAD
    0x08007d5c   0x08007d5c   0x00000104   Code   RO           83    .text.MX_DMA_Init   dma.o
    0x08007e60   0x08007e60   0x00000116   Code   RO           37    .text.MX_FREERTOS_Init  freertos.o
    0x08007f76   0x08007f76   0x00000002   PAD
    0x08007f78   0x08007f78   0x000001b4   Code   RO           27    .text.MX_GPIO_Init  gpio.o
    0x0800812c   0x0800812c   0x00000036   Code   RO           97    .text.MX_TIM14_Init  tim.o
    0x08008162   0x08008162   0x00000002   PAD
    0x08008164   0x08008164   0x0000012e   Code   RO           91    .text.MX_TIM1_Init  tim.o
    0x08008292   0x08008292   0x00000002   PAD
    0x08008294   0x08008294   0x0000009c   Code   RO           95    .text.MX_TIM4_Init  tim.o
    0x08008330   0x08008330   0x00000040   Code   RO          117    .text.MX_UART4_Init  usart.o
    0x08008370   0x08008370   0x00000040   Code   RO          119    .text.MX_UART5_Init  usart.o
    0x080083b0   0x080083b0   0x00000040   Code   RO          121    .text.MX_USART1_UART_Init  usart.o
    0x080083f0   0x080083f0   0x00000040   Code   RO          123    .text.MX_USART2_UART_Init  usart.o
    0x08008430   0x08008430   0x00000040   Code   RO          125    .text.MX_USART3_UART_Init  usart.o
    0x08008470   0x08008470   0x00000040   Code   RO          127    .text.MX_USART6_UART_Init  usart.o
    0x080084b0   0x080084b0   0x00000004   Code   RO          160    .text.MemManage_Handler  stm32f4xx_it.o
    0x080084b4   0x080084b4   0x00000066   Code   RO         1867    .text.Motor2006Recv  motorex.o
    0x0800851a   0x0800851a   0x00000002   PAD
    0x0800851c   0x0800851c   0x000005f2   Code   RO         2067    .text.MotorControl  motorcontrol.o
    0x08008b0e   0x08008b0e   0x00000002   PAD
    0x08008b10   0x08008b10   0x00000058   Code   RO         1759    .text.MotorSend     motor.o
    0x08008b68   0x08008b68   0x000000b0   Code   RO         2170    .text.MotorTargetTrack_float  actions.o
    0x08008c18   0x08008c18   0x00000a2c   Code   RO         2281    .text.MoveControlTask  movecontrol.o
    0x08009644   0x08009644   0x00000004   Code   RO          156    .text.NMI_Handler   stm32f4xx_it.o
    0x08009648   0x08009648   0x0000006c   Code   RO          936    .text.NVIC_EncodePriority  stm32f4xx_hal_cortex.o
    0x080096b4   0x080096b4   0x000000b6   Code   RO         1899    .text.ODriveRecvServe  odrive.o
    0x0800976a   0x0800976a   0x00000002   PAD
    0x0800976c   0x0800976c   0x00000064   Code   RO         1889    .text.ODriveSendOrReceiveData  odrive.o
    0x080097d0   0x080097d0   0x00000030   Code   RO         1887    .text.ODriveSetControlMode  odrive.o
    0x08009800   0x08009800   0x00000100   Code   RO         1800    .text.PID_Control2  pid_old.o
    0x08009900   0x08009900   0x00000064   Code   RO         1714    .text.PendSV_Handler  port.o
    0x08009964   0x08009964   0x000001f0   Code   RO         2188    .text.PickUpBallAction  actions.o
    0x08009b54   0x08009b54   0x000000fc   Code   RO         2174    .text.ReadyBackThrowAction  actions.o
    0x08009c50   0x08009c50   0x00000428   Code   RO         2180    .text.ReadyDribbleAction2  actions.o
    0x0800a078   0x0800a078   0x00000106   Code   RO         2184    .text.ReadyJumpAction  actions.o
    0x0800a17e   0x0800a17e   0x00000002   PAD
    0x0800a180   0x0800a180   0x00000a24   Code   RO         2124    .text.RemoteTask    remotetask.o
    0x0800aba4   0x0800aba4   0x00000188   Code   RO         2168    .text.ResetAction   actions.o
    0x0800ad2c   0x0800ad2c   0x00000024   Code   RO         1954    .text.RobStrideEnable  robstride2.o
    0x0800ad50   0x0800ad50   0x00000036   Code   RO         1962    .text.RobStrideGet  robstride2.o
    0x0800ad86   0x0800ad86   0x00000002   PAD
    0x0800ad88   0x0800ad88   0x00000330   Code   RO         1986    .text.RobStrideRecv_Handle  robstride2.o
    0x0800b0b8   0x0800b0b8   0x00000026   Code   RO         1960    .text.RobStrideResetAngle  robstride2.o
    0x0800b0de   0x0800b0de   0x00000002   PAD
    0x0800b0e0   0x0800b0e0   0x00000032   Code   RO         1956    .text.RobStrideSend  robstride2.o
    0x0800b112   0x0800b112   0x00000002   PAD
    0x0800b114   0x0800b114   0x0000003c   Code   RO         1964    .text.RobStrideSetMode  robstride2.o
    0x0800b150   0x0800b150   0x00000034   Code   RO         1968    .text.RobStrideTorqueControl  robstride2.o
    0x0800b184   0x0800b184   0x0000000c   PAD
    0x0800b190   0x0800b190   0x00000024   Code   RO         1698    .text.SVC_Handler   port.o
    0x0800b1b4   0x0800b1b4   0x0000003c   Code   RO         1716    .text.SysTick_Handler  port.o
    0x0800b1f0   0x0800b1f0   0x000000be   Code   RO           13    .text.SystemClock_Config  main.o
    0x0800b2ae   0x0800b2ae   0x00000002   PAD
    0x0800b2b0   0x0800b2b0   0x00000012   Code   RO         1223    .text.SystemInit    system_stm32f4xx.o
    0x0800b2c2   0x0800b2c2   0x00000002   PAD
    0x0800b2c4   0x0800b2c4   0x00000010   Code   RO          186    .text.TIM2_IRQHandler  stm32f4xx_it.o
    0x0800b2d4   0x0800b2d4   0x000001b0   Code   RO          243    .text.TIM_Base_SetConfig  stm32f4xx_hal_tim.o
    0x0800b484   0x0800b484   0x00000036   Code   RO          277    .text.TIM_CCxChannelCmd  stm32f4xx_hal_tim.o
    0x0800b4ba   0x0800b4ba   0x00000002   PAD
    0x0800b4bc   0x0800b4bc   0x000000ea   Code   RO          387    .text.TIM_OC1_SetConfig  stm32f4xx_hal_tim.o
    0x0800b5a6   0x0800b5a6   0x00000002   PAD
    0x0800b5a8   0x0800b5a8   0x000000f4   Code   RO          389    .text.TIM_OC2_SetConfig  stm32f4xx_hal_tim.o
    0x0800b69c   0x0800b69c   0x000000f2   Code   RO          391    .text.TIM_OC3_SetConfig  stm32f4xx_hal_tim.o
    0x0800b78e   0x0800b78e   0x00000002   PAD
    0x0800b790   0x0800b790   0x000000a4   Code   RO          393    .text.TIM_OC4_SetConfig  stm32f4xx_hal_tim.o
    0x0800b834   0x0800b834   0x00000010   Code   RO          196    .text.UART4_IRQHandler  stm32f4xx_it.o
    0x0800b844   0x0800b844   0x00000010   Code   RO          198    .text.UART5_IRQHandler  stm32f4xx_it.o
    0x0800b854   0x0800b854   0x00000020   Code   RO         1180    .text.UART_DMAAbortOnError  stm32f4xx_hal_uart.o
    0x0800b874   0x0800b874   0x0000007c   Code   RO         1126    .text.UART_DMAError  stm32f4xx_hal_uart.o
    0x0800b8f0   0x0800b8f0   0x000000f4   Code   RO         1212    .text.UART_DMAReceiveCplt  stm32f4xx_hal_uart.o
    0x0800b9e4   0x0800b9e4   0x00000034   Code   RO         1214    .text.UART_DMARxHalfCplt  stm32f4xx_hal_uart.o
    0x0800ba18   0x0800ba18   0x0000007a   Code   RO         1122    .text.UART_DMATransmitCplt  stm32f4xx_hal_uart.o
    0x0800ba92   0x0800ba92   0x00000002   PAD
    0x0800ba94   0x0800ba94   0x00000016   Code   RO         1124    .text.UART_DMATxHalfCplt  stm32f4xx_hal_uart.o
    0x0800baaa   0x0800baaa   0x00000002   PAD
    0x0800baac   0x0800baac   0x00000094   Code   RO         1140    .text.UART_EndRxTransfer  stm32f4xx_hal_uart.o
    0x0800bb40   0x0800bb40   0x00000026   Code   RO         1188    .text.UART_EndTransmit_IT  stm32f4xx_hal_uart.o
    0x0800bb66   0x0800bb66   0x00000002   PAD
    0x0800bb68   0x0800bb68   0x00000036   Code   RO         1138    .text.UART_EndTxTransfer  stm32f4xx_hal_uart.o
    0x0800bb9e   0x0800bb9e   0x00000002   PAD
    0x0800bba0   0x0800bba0   0x0000016a   Code   RO         1178    .text.UART_Receive_IT  stm32f4xx_hal_uart.o
    0x0800bd0a   0x0800bd0a   0x00000002   PAD
    0x0800bd0c   0x0800bd0c   0x0000013a   Code   RO         1096    .text.UART_SetConfig  stm32f4xx_hal_uart.o
    0x0800be46   0x0800be46   0x00000002   PAD
    0x0800be48   0x0800be48   0x0000010c   Code   RO         1130    .text.UART_Start_Receive_DMA  stm32f4xx_hal_uart.o
    0x0800bf54   0x0800bf54   0x00000094   Code   RO         1186    .text.UART_Transmit_IT  stm32f4xx_hal_uart.o
    0x0800bfe8   0x0800bfe8   0x00000010   Code   RO          188    .text.USART1_IRQHandler  stm32f4xx_it.o
    0x0800bff8   0x0800bff8   0x00000010   Code   RO          190    .text.USART2_IRQHandler  stm32f4xx_it.o
    0x0800c008   0x0800c008   0x00000010   Code   RO          192    .text.USART3_IRQHandler  stm32f4xx_it.o
    0x0800c018   0x0800c018   0x00000010   Code   RO          208    .text.USART6_IRQHandler  stm32f4xx_it.o
    0x0800c028   0x0800c028   0x00000004   Code   RO          164    .text.UsageFault_Handler  stm32f4xx_it.o
    0x0800c02c   0x0800c02c   0x000000c0   Code   RO         1791    .text.Vector2dSlope  slope.o
    0x0800c0ec   0x0800c0ec   0x00000030   Code   RO          940    .text.__NVIC_EnableIRQ  stm32f4xx_hal_cortex.o
    0x0800c11c   0x0800c11c   0x00000010   Code   RO          932    .text.__NVIC_GetPriorityGrouping  stm32f4xx_hal_cortex.o
    0x0800c12c   0x0800c12c   0x00000042   Code   RO          934    .text.__NVIC_SetPriority  stm32f4xx_hal_cortex.o
    0x0800c16e   0x0800c16e   0x00000002   PAD
    0x0800c170   0x0800c170   0x0000003c   Code   RO          928    .text.__NVIC_SetPriorityGrouping  stm32f4xx_hal_cortex.o
    0x0800c1ac   0x0800c1ac   0x00000124   Code   RO         2323    .text.arm_sin_cos_f32  arm_cortexM4lf_math.lib(arm_sin_cos_f32.o)
    0x0800c2d0   0x0800c2d0   0x000004b8   Code   RO         2007    .text.bezier_get_t  bezier.o
    0x0800c788   0x0800c788   0x0000005a   Code   RO         2009    .text.bezier_get_y  bezier.o
    0x0800c7e2   0x0800c7e2   0x00000002   PAD
    0x0800c7e4   0x0800c7e4   0x0000004c   Code   RO         1876    .text.kalman_Init   kalman.o
    0x0800c830   0x0800c830   0x000000ea   Code   RO           11    .text.main          main.o
    0x0800c91a   0x0800c91a   0x00000002   PAD
    0x0800c91c   0x0800c91c   0x0000000a   Code   RO         1543    .text.osKernelStart  cmsis_os.o
    0x0800c926   0x0800c926   0x00000002   PAD
    0x0800c928   0x0800c928   0x000000f4   Code   RO         1421    .text.prvAddCurrentTaskToDelayedList  tasks.o
    0x0800ca1c   0x0800ca1c   0x00000110   Code   RO         1407    .text.prvAddNewTaskToReadyList  tasks.o
    0x0800cb2c   0x0800cb2c   0x0000005a   Code   RO         1511    .text.prvCheckTasksWaitingTermination  tasks.o
    0x0800cb86   0x0800cb86   0x00000002   PAD
    0x0800cb88   0x0800cb88   0x00000042   Code   RO         1312    .text.prvCopyDataFromQueue  queue.o
    0x0800cbca   0x0800cbca   0x00000002   PAD
    0x0800cbcc   0x0800cbcc   0x000000cc   Code   RO         1300    .text.prvCopyDataToQueue  queue.o
    0x0800cc98   0x0800cc98   0x0000005e   Code   RO         1413    .text.prvDeleteTCB  tasks.o
    0x0800ccf6   0x0800ccf6   0x00000002   PAD
    0x0800ccf8   0x0800ccf8   0x00000026   Code   RO         1318    .text.prvGetDisinheritPriorityAfterTimeout  queue.o
    0x0800cd1e   0x0800cd1e   0x00000002   PAD
    0x0800cd20   0x0800cd20   0x000000bc   Code   RO         1665    .text.prvHeapInit   heap_4.o
    0x0800cddc   0x0800cddc   0x00000038   Code   RO         1445    .text.prvIdleTask   tasks.o
    0x0800ce14   0x0800ce14   0x0000003e   Code   RO         1288    .text.prvInitialiseNewQueue  queue.o
    0x0800ce52   0x0800ce52   0x00000002   PAD
    0x0800ce54   0x0800ce54   0x00000122   Code   RO         1405    .text.prvInitialiseNewTask  tasks.o
    0x0800cf76   0x0800cf76   0x00000002   PAD
    0x0800cf78   0x0800cf78   0x0000008e   Code   RO         1509    .text.prvInitialiseTaskLists  tasks.o
    0x0800d006   0x0800d006   0x00000002   PAD
    0x0800d008   0x0800d008   0x000000c6   Code   RO         1667    .text.prvInsertBlockIntoFreeList  heap_4.o
    0x0800d0ce   0x0800d0ce   0x00000002   PAD
    0x0800d0d0   0x0800d0d0   0x00000028   Code   RO         1314    .text.prvIsQueueEmpty  queue.o
    0x0800d0f8   0x0800d0f8   0x0000002e   Code   RO         1302    .text.prvIsQueueFull  queue.o
    0x0800d126   0x0800d126   0x00000002   PAD
    0x0800d128   0x0800d128   0x00000028   Code   RO         1706    .text.prvPortStartFirstTask  port.o
    0x0800d150   0x0800d150   0x00000046   Code   RO         1415    .text.prvResetNextTaskUnblockTime  tasks.o
    0x0800d196   0x0800d196   0x00000002   PAD
    0x0800d198   0x0800d198   0x0000004c   Code   RO         1696    .text.prvTaskExitError  port.o
    0x0800d1e4   0x0800d1e4   0x000000ae   Code   RO         1304    .text.prvUnlockQueue  queue.o
    0x0800d292   0x0800d292   0x00000002   PAD
    0x0800d294   0x0800d294   0x000001ec   Code   RO         1663    .text.pvPortMalloc  heap_4.o
    0x0800d480   0x0800d480   0x0000002c   Code   RO         1493    .text.pvTaskIncrementMutexHeldCount  tasks.o
    0x0800d4ac   0x0800d4ac   0x0000005e   Code   RO         1694    .text.pxPortInitialiseStack  port.o
    0x0800d50a   0x0800d50a   0x00000002   PAD
    0x0800d50c   0x0800d50c   0x0000007c   Code   RO         2283    .text.reform        movecontrol.o
    0x0800d588   0x0800d588   0x00000048   Code   RO         1275    .text.uxListRemove  list.o
    0x0800d5d0   0x0800d5d0   0x0000002a   Code   RO           35    .text.vApplicationGetIdleTaskMemory  freertos.o
    0x0800d5fa   0x0800d5fa   0x00000002   PAD
    0x0800d5fc   0x0800d5fc   0x0000002e   Code   RO         1267    .text.vListInitialise  list.o
    0x0800d62a   0x0800d62a   0x00000002   PAD
    0x0800d62c   0x0800d62c   0x0000000e   Code   RO         1269    .text.vListInitialiseItem  list.o
    0x0800d63a   0x0800d63a   0x00000002   PAD
    0x0800d63c   0x0800d63c   0x0000006a   Code   RO         1273    .text.vListInsert   list.o
    0x0800d6a6   0x0800d6a6   0x00000002   PAD
    0x0800d6a8   0x0800d6a8   0x0000003a   Code   RO         1271    .text.vListInsertEnd  list.o
    0x0800d6e2   0x0800d6e2   0x00000002   PAD
    0x0800d6e4   0x0800d6e4   0x00000014   Code   RO         1704    .text.vPortEnableVFP  port.o
    0x0800d6f8   0x0800d6f8   0x00000056   Code   RO         1710    .text.vPortEnterCritical  port.o
    0x0800d74e   0x0800d74e   0x00000002   PAD
    0x0800d750   0x0800d750   0x0000004a   Code   RO         1712    .text.vPortExitCritical  port.o
    0x0800d79a   0x0800d79a   0x00000002   PAD
    0x0800d79c   0x0800d79c   0x000000ce   Code   RO         1669    .text.vPortFree     heap_4.o
    0x0800d86a   0x0800d86a   0x00000002   PAD
    0x0800d86c   0x0800d86c   0x00000044   Code   RO         1702    .text.vPortSetupTimerInterrupt  port.o
    0x0800d8b0   0x0800d8b0   0x00000084   Code   RO         1718    .text.vPortValidateInterruptPriority  port.o
    0x0800d934   0x0800d934   0x0000006e   Code   RO         1425    .text.vTaskDelay    tasks.o
    0x0800d9a2   0x0800d9a2   0x00000002   PAD
    0x0800d9a4   0x0800d9a4   0x00000114   Code   RO         1417    .text.vTaskDelayUntil  tasks.o
    0x0800dab8   0x0800dab8   0x00000140   Code   RO         1411    .text.vTaskDelete   tasks.o
    0x0800dbf8   0x0800dbf8   0x00000024   Code   RO         1471    .text.vTaskInternalSetTimeOutState  tasks.o
    0x0800dc1c   0x0800dc1c   0x0000000e   Code   RO         1475    .text.vTaskMissedYield  tasks.o
    0x0800dc2a   0x0800dc2a   0x00000002   PAD
    0x0800dc2c   0x0800dc2c   0x00000042   Code   RO         1461    .text.vTaskPlaceOnEventList  tasks.o
    0x0800dc6e   0x0800dc6e   0x00000002   PAD
    0x0800dc70   0x0800dc70   0x00000140   Code   RO         1489    .text.vTaskPriorityDisinheritAfterTimeout  tasks.o
    0x0800ddb0   0x0800ddb0   0x000000ce   Code   RO         1443    .text.vTaskStartScheduler  tasks.o
    0x0800de7e   0x0800de7e   0x00000002   PAD
    0x0800de80   0x0800de80   0x00000010   Code   RO         1419    .text.vTaskSuspendAll  tasks.o
    0x0800de90   0x0800de90   0x000000be   Code   RO         1435    .text.vTaskSwitchContext  tasks.o
    0x0800df4e   0x0800df4e   0x00000002   PAD
    0x0800df50   0x0800df50   0x00000156   Code   RO         1700    .text.xPortStartScheduler  port.o
    0x0800e0a6   0x0800e0a6   0x00000002   PAD
    0x0800e0a8   0x0800e0a8   0x00000074   Code   RO         1290    .text.xQueueGenericCreate  queue.o
    0x0800e11c   0x0800e11c   0x000000ba   Code   RO         1284    .text.xQueueGenericReset  queue.o
    0x0800e1d6   0x0800e1d6   0x00000002   PAD
    0x0800e1d8   0x0800e1d8   0x0000022c   Code   RO         1298    .text.xQueueGenericSend  queue.o
    0x0800e404   0x0800e404   0x00000124   Code   RO         1308    .text.xQueueGiveFromISR  queue.o
    0x0800e528   0x0800e528   0x000001dc   Code   RO         1310    .text.xQueueReceive  queue.o
    0x0800e704   0x0800e704   0x0000022c   Code   RO         1316    .text.xQueueSemaphoreTake  queue.o
    0x0800e930   0x0800e930   0x000000cc   Code   RO         1473    .text.xTaskCheckForTimeOut  tasks.o
    0x0800e9fc   0x0800e9fc   0x0000009e   Code   RO         1409    .text.xTaskCreate   tasks.o
    0x0800ea9a   0x0800ea9a   0x00000002   PAD
    0x0800ea9c   0x0800ea9c   0x000000ce   Code   RO         1403    .text.xTaskCreateStatic  tasks.o
    0x0800eb6a   0x0800eb6a   0x00000002   PAD
    0x0800eb6c   0x0800eb6c   0x00000038   Code   RO         1483    .text.xTaskGetSchedulerState  tasks.o
    0x0800eba4   0x0800eba4   0x00000014   Code   RO         1451    .text.xTaskGetTickCount  tasks.o
    0x0800ebb8   0x0800ebb8   0x000001b8   Code   RO         1449    .text.xTaskIncrementTick  tasks.o
    0x0800ed70   0x0800ed70   0x00000118   Code   RO         1487    .text.xTaskPriorityDisinherit  tasks.o
    0x0800ee88   0x0800ee88   0x0000011a   Code   RO         1485    .text.xTaskPriorityInherit  tasks.o
    0x0800efa2   0x0800efa2   0x00000002   PAD
    0x0800efa4   0x0800efa4   0x000000c2   Code   RO         1465    .text.xTaskRemoveFromEventList  tasks.o
    0x0800f066   0x0800f066   0x00000002   PAD
    0x0800f068   0x0800f068   0x00000178   Code   RO         1423    .text.xTaskResumeAll  tasks.o
    0x0800f1e0   0x0800f1e0   0x00000338   Code   RO         2885    CL$$btod_div_common  c_w.l(btod.o)
    0x0800f518   0x0800f518   0x00000084   Code   RO         2883    CL$$btod_e2d        c_w.l(btod.o)
    0x0800f59c   0x0800f59c   0x000000dc   Code   RO         2882    CL$$btod_e2e        c_w.l(btod.o)
    0x0800f678   0x0800f678   0x0000002a   Code   RO         2879    CL$$btod_ediv       c_w.l(btod.o)
    0x0800f6a2   0x0800f6a2   0x0000002a   Code   RO         2881    CL$$btod_edivd      c_w.l(btod.o)
    0x0800f6cc   0x0800f6cc   0x0000002a   Code   RO         2878    CL$$btod_emul       c_w.l(btod.o)
    0x0800f6f6   0x0800f6f6   0x0000002a   Code   RO         2880    CL$$btod_emuld      c_w.l(btod.o)
    0x0800f720   0x0800f720   0x00000244   Code   RO         2884    CL$$btod_mult_common  c_w.l(btod.o)
    0x0800f964   0x0800f964   0x00000026   Code   RO         2743    i.__ARM_fpclassifyf  m_wm.l(fpclassifyf.o)
    0x0800f98a   0x0800f98a   0x00000006   PAD
    0x0800f990   0x0800f990   0x000000f8   Code   RO         2937    i.__hardfp___mathlib_tofloat  m_wm.l(narrow.o)
    0x0800fa88   0x0800fa88   0x00000118   Code   RO         2555    i.__hardfp_acosf    m_wm.l(acosf.o)
    0x0800fba0   0x0800fba0   0x000002ac   Code   RO         2561    i.__hardfp_atan2f   m_wm.l(atan2f.o)
    0x0800fe4c   0x0800fe4c   0x00000110   Code   RO         2567    i.__hardfp_cbrtf    m_wm.l(cbrtf.o)
    0x0800ff5c   0x0800ff5c   0x00000150   Code   RO         2574    i.__hardfp_cosf     m_wm.l(cosf.o)
    0x080100ac   0x080100ac   0x00000004   PAD
    0x080100b0   0x080100b0   0x000000d0   Code   RO         3031    i.__hardfp_ldexp    m_wm.l(ldexp.o)
    0x08010180   0x08010180   0x00000190   Code   RO         2586    i.__hardfp_sinf     m_wm.l(sinf.o)
    0x08010310   0x08010310   0x0000007a   Code   RO         2592    i.__hardfp_sqrt     m_wm.l(sqrt.o)
    0x0801038a   0x0801038a   0x0000003a   Code   RO         2598    i.__hardfp_sqrtf    m_wm.l(sqrtf.o)
    0x080103c4   0x080103c4   0x00000004   PAD
    0x080103c8   0x080103c8   0x00000020   Code   RO         2733    i.__mathlib_dbl_overflow  m_wm.l(dunder.o)
    0x080103e8   0x080103e8   0x00000020   Code   RO         2735    i.__mathlib_dbl_underflow  m_wm.l(dunder.o)
    0x08010408   0x08010408   0x00000006   Code   RO         2746    i.__mathlib_flt_infnan  m_wm.l(funder.o)
    0x0801040e   0x0801040e   0x00000006   Code   RO         2747    i.__mathlib_flt_infnan2  m_wm.l(funder.o)
    0x08010414   0x08010414   0x00000010   Code   RO         2748    i.__mathlib_flt_invalid  m_wm.l(funder.o)
    0x08010424   0x08010424   0x00000010   Code   RO         2751    i.__mathlib_flt_underflow  m_wm.l(funder.o)
    0x08010434   0x08010434   0x00000012   Code   RO         2938    i.__mathlib_narrow  m_wm.l(narrow.o)
    0x08010446   0x08010446   0x00000002   PAD
    0x08010448   0x08010448   0x00000154   Code   RO         2764    i.__mathlib_rredf2  m_wm.l(rredf.o)
    0x0801059c   0x0801059c   0x00000014   Code   RO         3033    i.__support_ldexp   m_wm.l(ldexp.o)
    0x080105b0   0x080105b0   0x0000000e   Code   RO         2815    i._is_digit         c_w.l(scanf_fp.o)
    0x080105be   0x080105be   0x00000002   PAD
    0x080105c0   0x080105c0   0x0000008c   Code   RO         3011    i.frexp             m_wm.l(frexp.o)
    0x0801064c   0x0801064c   0x0000003e   Code   RO         2600    i.sqrtf             m_wm.l(sqrtf.o)
    0x0801068a   0x0801068a   0x00000002   PAD
    0x0801068c   0x0801068c   0x0000002c   Code   RO         2901    locale$$code        c_w.l(lc_numeric_c.o)
    0x080106b8   0x080106b8   0x0000002c   Code   RO         2981    locale$$code        c_w.l(lc_ctype_c.o)
    0x080106e4   0x080106e4   0x00000062   Code   RO         2531    x$fpl$d2f           fz_wm.l(d2f.o)
    0x08010746   0x08010746   0x00000002   PAD
    0x08010748   0x08010748   0x00000150   Code   RO         2533    x$fpl$dadd          fz_wm.l(daddsub_clz.o)
    0x08010898   0x08010898   0x00000010   Code   RO         3058    x$fpl$dcheck1       fz_wm.l(dcheck1.o)
    0x080108a8   0x080108a8   0x00000018   Code   RO         2834    x$fpl$dcmpinf       fz_wm.l(dcmpi.o)
    0x080108c0   0x080108c0   0x000002b8   Code   RO         2542    x$fpl$ddiv          fz_wm.l(ddiv.o)
    0x08010b78   0x08010b78   0x00000078   Code   RO         2707    x$fpl$deqf          fz_wm.l(deqf.o)
    0x08010bf0   0x08010bf0   0x00000078   Code   RO         2709    x$fpl$dgeqf         fz_wm.l(dgeqf.o)
    0x08010c68   0x08010c68   0x00000078   Code   RO         2711    x$fpl$dleqf         fz_wm.l(dleqf.o)
    0x08010ce0   0x08010ce0   0x00000154   Code   RO         2551    x$fpl$dmul          fz_wm.l(dmul.o)
    0x08010e34   0x08010e34   0x0000009c   Code   RO         2713    x$fpl$dnaninf       fz_wm.l(dnaninf.o)
    0x08010ed0   0x08010ed0   0x0000000c   Code   RO         2715    x$fpl$dretinf       fz_wm.l(dretinf.o)
    0x08010edc   0x08010edc   0x0000006c   Code   RO         3007    x$fpl$drleqf        fz_wm.l(drleqf.o)
    0x08010f48   0x08010f48   0x00000198   Code   RO         2717    x$fpl$dsqrt         fz_wm.l(dsqrt_umaal.o)
    0x080110e0   0x080110e0   0x000001dc   Code   RO         2535    x$fpl$dsub          fz_wm.l(daddsub_clz.o)
    0x080112bc   0x080112bc   0x00000056   Code   RO         2553    x$fpl$f2d           fz_wm.l(f2d.o)
    0x08011312   0x08011312   0x00000054   Code   RO         2539    x$fpl$fcmp          fz_wm.l(dcmp.o)
    0x08011366   0x08011366   0x0000008c   Code   RO         2719    x$fpl$fnaninf       fz_wm.l(fnaninf.o)
    0x080113f2   0x080113f2   0x0000001a   Code   RO         2840    x$fpl$fpinit        fz_wm.l(fpinit.o)
    0x0801140c   0x0801140c   0x0000000a   Code   RO         2721    x$fpl$fretinf       fz_wm.l(fretinf.o)
    0x08011416   0x08011416   0x00000006   Code   RO         2929    x$fpl$ieeestatus    fz_wm.l(istatus.o)
    0x0801141c   0x0801141c   0x00000064   Code   RO         3060    x$fpl$retnan        fz_wm.l(retnan.o)
    0x08011480   0x08011480   0x0000005c   Code   RO         3056    x$fpl$scalbn        fz_wm.l(scalbn.o)
    0x080114dc   0x080114dc   0x00000004   Code   RO         2723    x$fpl$scanf1        fz_wm.l(scanf1.o)
    0x080114e0   0x080114e0   0x00000008   Code   RO         2931    x$fpl$scanf2        fz_wm.l(scanf2.o)
    0x080114e8   0x080114e8   0x00000030   Code   RO         3062    x$fpl$trapveneer    fz_wm.l(trapv.o)
    0x08011518   0x08011518   0x00000000   Code   RO         2725    x$fpl$usenofp       fz_wm.l(usenofp.o)
    0x08011518   0x08011518   0x00000090   Data   RO         2570    .constdata          m_wm.l(cbrtf.o)
    0x080115a8   0x080115a8   0x00000020   Data   RO         2765    .constdata          m_wm.l(rredf.o)
    0x080115c8   0x080115c8   0x00000094   Data   RO         2873    .constdata          c_w.l(bigflt0.o)
    0x0801165c   0x0801165c   0x0000000c   Data   RO         2142    .rodata..L__const.RemoteTask.action  remotetask.o
    0x08011668   0x08011668   0x00000010   Data   RO         1228    .rodata.AHBPrescTable  system_stm32f4xx.o
    0x08011678   0x08011678   0x00000008   Data   RO         1229    .rodata.APBPrescTable  system_stm32f4xx.o
    0x08011680   0x08011680   0x00000008   Data   RO          858    .rodata.DMA_CalcBaseAndBitshift.flagBitshiftOffset  stm32f4xx_hal_dma.o
    0x08011688   0x08011688   0x0000001e   Data   RO         1901    .rodata.odriveCmdLength  odrive.o
    0x080116a6   0x080116a6   0x00000002   PAD
    0x080116a8   0x080116a8   0x00000804   Data   RO         2444    .rodata.sinTable_f32  arm_cortexM4lf_math.lib(arm_common_tables.o)
    0x08011eac   0x08011eac   0x0000002d   Data   RO           47    .rodata.str1.1      freertos.o
    0x08011ed9   0x08011ed9   0x00000005   Data   RO         1525    .rodata.str1.1      tasks.o
    0x08011ede   0x08011ede   0x00000010   Data   RO         2110    .rodata.str1.1      motorcontrol.o
    0x08011eee   0x08011eee   0x0000001b   Data   RO         2154    .rodata.str1.1      remotetask.o
    0x08011f09   0x08011f09   0x00000003   PAD
    0x08011f0c   0x08011f0c   0x00000020   Data   RO         3065    Region$$Table       anon$$obj.o
    0x08011f2c   0x08011f2c   0x00000008   Data   RO         2925    c$$dinf             fz_wm.l(fpconst.o)
    0x08011f34   0x08011f34   0x00000008   Data   RO         2928    c$$dmax             fz_wm.l(fpconst.o)
    0x08011f3c   0x08011f3c   0x0000001c   Data   RO         2900    locale$$data        c_w.l(lc_numeric_c.o)
    0x08011f58   0x08011f58   0x00000110   Data   RO         2980    locale$$data        c_w.l(lc_ctype_c.o)


    Execution Region RW_IRAM1 (Exec base: 0x20000000, Load base: 0x08012068, Size: 0x00006388, Max: 0x0001c000, ABSOLUTE, COMPRESSED[0x00000178])

    Exec Addr    Load Addr    Size         Type   Attr      Idx    E Section Name        Object

    0x20000000   COMPRESSED   0x00000004   Data   RW         2233    .data.Arm_Length    actions.o
    0x20000004   COMPRESSED   0x00000001   Data   RW         2288    .data.Attack_Defend_side  movecontrol.o
    0x20000005   COMPRESSED   0x00000003   PAD
    0x20000008   COMPRESSED   0x000000c4   Data   RW         2024    .data.FuzzyRuleKdRAW  vague_pid.o
    0x200000cc   COMPRESSED   0x000000c4   Data   RW         2023    .data.FuzzyRuleKiRAW  vague_pid.o
    0x20000190   COMPRESSED   0x000000c4   Data   RW         2022    .data.FuzzyRuleKpRAW  vague_pid.o
    0x20000254   COMPRESSED   0x00000004   Data   RW         2232    .data.LossE_nergy_Rate  actions.o
    0x20000258   COMPRESSED   0x00000010   Data   RW         2289    .data.Side_Data     movecontrol.o
    0x20000268   COMPRESSED   0x00000004   Data   RW         1227    .data.SystemCoreClock  system_stm32f4xx.o
    0x2000026c   COMPRESSED   0x00000004   Data   RW         2293    .data.Y_BallHoop    movecontrol.o
    0x20000270   COMPRESSED   0x00000010   Data   RW         2144    .data.bezier        remotetask.o
    0x20000280   COMPRESSED   0x00000015   Data   RW         2286    .data.chassis       movecontrol.o
    0x20000295   COMPRESSED   0x00000003   PAD
    0x20000298   COMPRESSED   0x00000004   Data   RW         2224    .data.claw_detach_pos  actions.o
    0x2000029c   COMPRESSED   0x0000006c   Data   RW         2079    .data.claw_motor    motorcontrol.o
    0x20000308   COMPRESSED   0x00000004   Data   RW         2262    .data.decline_acc_limit  actions.o
    0x2000030c   COMPRESSED   0x00000004   Data   RW         2256    .data.defend_rad    actions.o
    0x20000310   COMPRESSED   0x00000004   Data   RW         2255    .data.defend_vel_limit  actions.o
    0x20000314   COMPRESSED   0x00000004   Data   RW         2243    .data.detach_delay  actions.o
    0x20000318   COMPRESSED   0x00000014   Data   RW         2227    .data.dots          actions.o
    0x2000032c   COMPRESSED   0x00000004   Data   RW         2242    .data.down_delay    actions.o
    0x20000330   COMPRESSED   0x00000004   Data   RW         2231    .data.dribble2_height  actions.o
    0x20000334   COMPRESSED   0x00000004   Data   RW         2234    .data.dribble_angle  actions.o
    0x20000338   COMPRESSED   0x00000004   Data   RW         2236    .data.dribble_angle_Bias  actions.o
    0x2000033c   COMPRESSED   0x00000004   Data   RW         2235    .data.dribble_rate  actions.o
    0x20000340   COMPRESSED   0x00000004   Data   RW         2259    .data.exp_pos_b     actions.o
    0x20000344   COMPRESSED   0x00000004   Data   RW         2258    .data.exp_pos_k     actions.o
    0x20000348   COMPRESSED   0x00000004   Data   RW         2229    .data.finished_throw_target_height_sensor  actions.o
    0x2000034c   COMPRESSED   0x00000004   Data   RW         2260    .data.height_Kp     actions.o
    0x20000350   COMPRESSED   0x00000004   Data   RW         2239    .data.jump_arm_reset_rate  actions.o
    0x20000354   COMPRESSED   0x00000004   Data   RW         2241    .data.jump_delay    actions.o
    0x20000358   COMPRESSED   0x00000038   Data   RW         2080    .data.jump_motor1   motorcontrol.o
    0x20000390   COMPRESSED   0x00000038   Data   RW         2081    .data.jump_motor2   motorcontrol.o
    0x200003c8   COMPRESSED   0x00000001   Data   RW         2086    .data.jump_motor_enable  motorcontrol.o
    0x200003c9   COMPRESSED   0x00000003   PAD
    0x200003cc   COMPRESSED   0x00000024   Data   RW         2082    .data.jump_motor_pid  motorcontrol.o
    0x200003f0   COMPRESSED   0x00000004   Data   RW         2250    .data.jump_motor_stop_pos  actions.o
    0x200003f4   COMPRESSED   0x00000001   Data   RW         2085    .data.jump_motor_vel_mode  motorcontrol.o
    0x200003f5   COMPRESSED   0x00000003   PAD
    0x200003f8   COMPRESSED   0x00000004   Data   RW         2240    .data.jump_start_cur  actions.o
    0x200003fc   COMPRESSED   0x00000004   Data   RW         2246    .data.jump_throw_back_vel  actions.o
    0x20000400   COMPRESSED   0x00000004   Data   RW         2247    .data.jump_throw_stop_rad  actions.o
    0x20000404   COMPRESSED   0x00000004   Data   RW         2245    .data.jump_throw_vel  actions.o
    0x20000408   COMPRESSED   0x00000004   Data   RW         2237    .data.jumpthrow_start_rad  actions.o
    0x2000040c   COMPRESSED   0x00000004   Data   RW         2213    .data.lower_height  actions.o
    0x20000410   COMPRESSED   0x00000004   Data   RW         2216    .data.lower_vel     actions.o
    0x20000414   COMPRESSED   0x00000002   Data   RW         2101    .data.max_2006_cur  motorcontrol.o
    0x20000416   COMPRESSED   0x00000002   PAD
    0x20000418   COMPRESSED   0x00000004   Data   RW         2135    .data.max_omega     remotetask.o
    0x2000041c   COMPRESSED   0x00000004   Data   RW         2134    .data.max_speed     remotetask.o
    0x20000420   COMPRESSED   0x00000004   Data   RW         2251    .data.pickup_rad    actions.o
    0x20000424   COMPRESSED   0x00000004   Data   RW         2253    .data.pickup_start_height  actions.o
    0x20000428   COMPRESSED   0x00000024   Data   RW         2287    .data.pid2          movecontrol.o
    0x2000044c   COMPRESSED   0x00000004   Data   RW         2210    .data.reset_height  actions.o
    0x20000450   COMPRESSED   0x00000004   Data   RW         2214    .data.reset_vel     actions.o
    0x20000454   COMPRESSED   0x00000004   Data   RW         2261    .data.rise_acc_limit  actions.o
    0x20000458   COMPRESSED   0x00000004   Data   RW         2220    .data.throw_break_torque  actions.o
    0x2000045c   COMPRESSED   0x00000004   PAD
    0x20000460   COMPRESSED   0x00000068   Data   RW         2083    .data.throw_motor   motorcontrol.o
    0x200004c8   COMPRESSED   0x00000004   Data   RW         2215    .data.throw_motor_reset_rad  actions.o
    0x200004cc   COMPRESSED   0x00000004   Data   RW         2219    .data.throw_start_rad  actions.o
    0x200004d0   COMPRESSED   0x00000001   Data   RW         1058    .data.uwTickFreq    stm32f4xx_hal.o
    0x200004d1   COMPRESSED   0x00000003   PAD
    0x200004d4   COMPRESSED   0x00000004   Data   RW         1057    .data.uwTickPrio    stm32f4xx_hal.o
    0x200004d8   COMPRESSED   0x00000004   Data   RW         1722    .data.uxCriticalNesting  port.o
    0x200004dc   COMPRESSED   0x00000004   PAD
    0x200004e0        -       0x00000060   Zero   RW         2775    .bss                c_w.l(libspace.o)
    0x20000540        -       0x00000004   Zero   RW         2050    .bss.CPU_FREQ_Hz    bsp_dwt.o
    0x20000544        -       0x00000004   Zero   RW         2059    .bss.CYCCNT_LAST    bsp_dwt.o
    0x20000548        -       0x00000004   Zero   RW         2053    .bss.CYCCNT_RountCount  bsp_dwt.o
    0x2000054c        -       0x00000001   Zero   RW         2296    .bss.Circular_To_Absolute_motion  movecontrol.o
    0x2000054d   COMPRESSED   0x00000003   PAD
    0x20000550        -       0x00000004   Zero   RW         2302    .bss.Closed_Loop_Angle  movecontrol.o
    0x20000554        -       0x00000004   Zero   RW         2297    .bss.E_Body_BallHoop  movecontrol.o
    0x20000558        -       0x00000004   Zero   RW         2294    .bss.E_PTZ_BallHoop  movecontrol.o
    0x2000055c        -       0x00000004   Zero   RW           75    .bss.HAL_RCC_CAN1_CLK_ENABLED  can.o
    0x20000560        -       0x0000000c   Zero   RW         2311    .bss.KF_Pos         movecontrol.o
    0x2000056c        -       0x00000001   Zero   RW         2295    .bss.Last_PTZ_followl  movecontrol.o
    0x2000056d        -       0x00000002   Zero   RW         2313    .bss.PID_Mode_Switch  movecontrol.o
    0x2000056f   COMPRESSED   0x00000001   PAD
    0x20000570        -       0x00000078   Zero   RW         2306    .bss.PTZ_Kalman     movecontrol.o
    0x200005e8        -       0x00000008   Zero   RW         2312    .bss.PTZ_center     movecontrol.o
    0x200005f0        -       0x00000001   Zero   RW         2290    .bss.PTZ_followl    movecontrol.o
    0x200005f1   COMPRESSED   0x00000003   PAD
    0x200005f4        -       0x00000050   Zero   RW         2305    .bss.PTZ_followl_PID  movecontrol.o
    0x20000644        -       0x0000000c   Zero   RW         2160    .bss.Position_offest  remotetask.o
    0x20000650        -       0x00000004   Zero   RW         2299    .bss.Remote_Compensate_velocity  movecontrol.o
    0x20000654        -       0x00000004   Zero   RW         2298    .bss.Remote_Compensation_Factor  movecontrol.o
    0x20000658        -       0x00000004   Zero   RW         2291    .bss.Robot_Launch   movecontrol.o
    0x2000065c        -       0x00000004   Zero   RW         2309    .bss.Robot_Launch_Angle  movecontrol.o
    0x20000660        -       0x0000000c   Zero   RW         2308    .bss.Transformed_Ex  movecontrol.o
    0x2000066c        -       0x00000004   Zero   RW         2301    .bss.V_Compensate_Velocity  movecontrol.o
    0x20000670        -       0x00000004   Zero   RW         2300    .bss.V_Compensation_Factor  movecontrol.o
    0x20000674        -       0x00000004   Zero   RW         2292    .bss.X_BallHoop     movecontrol.o
    0x20000678        -       0x00000004   Zero   RW           51    .bss.action_deal_task  freertos.o
    0x2000067c        -       0x00000004   Zero   RW           43    .bss.action_queue   freertos.o
    0x20000680        -       0x00000004   Zero   RW           46    .bss.action_semaphore  freertos.o
    0x20000684        -       0x00000200   Zero   RW         2111    .bss.action_stack1  motorcontrol.o
    0x20000884        -       0x00000200   Zero   RW         2113    .bss.action_stack2  motorcontrol.o
    0x20000a84        -       0x00000004   Zero   RW         2157    .bss.actual_gn      remotetask.o
    0x20000a88        -       0x00000004   Zero   RW         2115    .bss.can1_err_cnt   motorcontrol.o
    0x20000a8c        -       0x00000004   Zero   RW         2116    .bss.can2_err_cnt   motorcontrol.o
    0x20000a90        -       0x00000008   Zero   RW         2097    .bss.canSendBuf2    motorcontrol.o
    0x20000a98        -       0x00000011   Zero   RW         2158    .bss.chassis_state  remotetask.o
    0x20000aa9        -       0x00000011   Zero   RW         2137    .bss.chassis_state_recv  remotetask.o
    0x20000aba        -       0x00000001   Zero   RW         2109    .bss.choose_stack   motorcontrol.o
    0x20000abb   COMPRESSED   0x00000001   PAD
    0x20000abc        -       0x00000004   Zero   RW         2087    .bss.claw_motor_target_pos  motorcontrol.o
    0x20000ac0        -       0x00000004   Zero   RW         2103    .bss.cnt            motorcontrol.o
    0x20000ac4        -       0x00000004   Zero   RW           44    .bss.copilot_action_queue  freertos.o
    0x20000ac8        -       0x00000004   Zero   RW         2136    .bss.cur_dir        remotetask.o
    0x20000acc        -       0x00000004   Zero   RW         2266    .bss.cur_exp_vel    actions.o
    0x20000ad0        -       0x00000004   Zero   RW         2257    .bss.defend_exp_height  actions.o
    0x20000ad4        -       0x00000001   Zero   RW         2152    .bss.defend_flag    remotetask.o
    0x20000ad5        -       0x00000001   Zero   RW         2150    .bss.dribble_flag   remotetask.o
    0x20000ad6        -       0x00000001   Zero   RW         2148    .bss.dribble_ready_flag  remotetask.o
    0x20000ad7        -       0x00000001   Zero   RW         2285    .bss.enable_offset  movecontrol.o
    0x20000ad8        -       0x00000001   Zero   RW         2263    .bss.exit_defend    actions.o
    0x20000ad9   COMPRESSED   0x00000003   PAD
    0x20000adc        -       0x00000028   Zero   RW           73    .bss.hcan1          can.o
    0x20000b04        -       0x00000028   Zero   RW           74    .bss.hcan2          can.o
    0x20000b2c        -       0x00000060   Zero   RW          139    .bss.hdma_uart4_rx  usart.o
    0x20000b8c        -       0x00000060   Zero   RW          140    .bss.hdma_uart4_tx  usart.o
    0x20000bec        -       0x00000060   Zero   RW          141    .bss.hdma_uart5_rx  usart.o
    0x20000c4c        -       0x00000060   Zero   RW          142    .bss.hdma_uart5_tx  usart.o
    0x20000cac        -       0x00000060   Zero   RW          143    .bss.hdma_usart1_rx  usart.o
    0x20000d0c        -       0x00000060   Zero   RW          144    .bss.hdma_usart2_rx  usart.o
    0x20000d6c        -       0x00000060   Zero   RW          145    .bss.hdma_usart2_tx  usart.o
    0x20000dcc        -       0x00000060   Zero   RW          146    .bss.hdma_usart3_rx  usart.o
    0x20000e2c        -       0x00000060   Zero   RW          147    .bss.hdma_usart3_tx  usart.o
    0x20000e8c        -       0x00000060   Zero   RW          148    .bss.hdma_usart6_rx  usart.o
    0x20000eec        -       0x00000004   Zero   RW         2265    .bss.height_err     actions.o
    0x20000ef0        -       0x00000048   Zero   RW          107    .bss.htim1          tim.o
    0x20000f38        -       0x00000048   Zero   RW          109    .bss.htim14         tim.o
    0x20000f80        -       0x00000048   Zero   RW          231    .bss.htim2          stm32f4xx_hal_timebase_tim.o
    0x20000fc8        -       0x00000048   Zero   RW          108    .bss.htim4          tim.o
    0x20001010        -       0x00000048   Zero   RW          135    .bss.huart1         usart.o
    0x20001058        -       0x00000048   Zero   RW          136    .bss.huart2         usart.o
    0x200010a0        -       0x00000048   Zero   RW          137    .bss.huart3         usart.o
    0x200010e8        -       0x00000048   Zero   RW          133    .bss.huart4         usart.o
    0x20001130        -       0x00000048   Zero   RW          134    .bss.huart5         usart.o
    0x20001178        -       0x00000048   Zero   RW          138    .bss.huart6         usart.o
    0x200011c0        -       0x00000001   Zero   RW         2151    .bss.jump_flag      remotetask.o
    0x200011c1   COMPRESSED   0x00000003   PAD
    0x200011c4        -       0x00000004   Zero   RW         2238    .bss.jump_motor_offset  actions.o
    0x200011c8        -       0x00000004   Zero   RW         2091    .bss.jump_motor_target_cur  motorcontrol.o
    0x200011cc        -       0x00000004   Zero   RW         2090    .bss.jump_motor_target_vel  motorcontrol.o
    0x200011d0        -       0x0000000b   Zero   RW         2155    .bss.jy61p          remotetask.o
    0x200011db        -       0x0000000b   Zero   RW         2140    .bss.jy61p_recv     remotetask.o
    0x200011e6   COMPRESSED   0x00000002   PAD
    0x200011e8        -       0x00000004   Zero   RW         2102    .bss.last_exp_vel   motorcontrol.o
    0x200011ec        -       0x00000001   Zero   RW         2095    .bss.last_jump_motor_state  motorcontrol.o
    0x200011ed        -       0x0000000b   Zero   RW         2156    .bss.last_pack      remotetask.o
    0x200011f8        -       0x0000000c   Zero   RW         2145    .bss.last_remoteRecv  remotetask.o
    0x20001204        -       0x00000004   Zero   RW         2207    .bss.lv53_cur_dis   actions.o
    0x20001208        -       0x00000040   Zero   RW         2130    .bss.lv53_recv_buf  remotetask.o
    0x20001248        -       0x00000004   Zero   RW           49    .bss.motor_control_task_handle  freertos.o
    0x2000124c        -       0x00000004   Zero   RW         2106    .bss.motor_cur1     motorcontrol.o
    0x20001250        -       0x00000004   Zero   RW         2107    .bss.motor_cur2     motorcontrol.o
    0x20001254        -       0x00000004   Zero   RW           48    .bss.move_control_handle  freertos.o
    0x20001258        -       0x00000001   Zero   RW         2153    .bss.pickup_flag    remotetask.o
    0x20001259        -       0x00000001   Zero   RW         2254    .bss.pickup_nextstep  actions.o
    0x2000125a        -       0x00000007   Zero   RW         2159    .bss.position       remotetask.o
    0x20001261        -       0x00000007   Zero   RW         2139    .bss.position_recv_buf  remotetask.o
    0x20001268        -       0x00000004   Zero   RW         1513    .bss.pxCurrentTCB   tasks.o
    0x2000126c        -       0x00000004   Zero   RW         1530    .bss.pxDelayedTaskList  tasks.o
    0x20001270        -       0x00000004   Zero   RW         1679    .bss.pxEnd          heap_4.o
    0x20001274        -       0x00000004   Zero   RW         1531    .bss.pxOverflowDelayedTaskList  tasks.o
    0x20001278        -       0x0000008c   Zero   RW         1514    .bss.pxReadyTasksLists  tasks.o
    0x20001304        -       0x00000001   Zero   RW         2147    .bss.ready_jump_flag  remotetask.o
    0x20001305        -       0x00000015   Zero   RW         2307    .bss.remote         movecontrol.o
    0x2000131a        -       0x0000000c   Zero   RW         2143    .bss.remoteRecv     remotetask.o
    0x20001326        -       0x0000000c   Zero   RW         2138    .bss.remote_recv_buf  remotetask.o
    0x20001332   COMPRESSED   0x00000002   PAD
    0x20001334        -       0x00000004   Zero   RW         2264    .bss.remote_rocker4  actions.o
    0x20001338        -       0x00000004   Zero   RW           45    .bss.remote_semaphore  freertos.o
    0x2000133c        -       0x00000004   Zero   RW           50    .bss.remote_task_handle  freertos.o
    0x20001340        -       0x00000001   Zero   RW         2141    .bss.reset_flag     remotetask.o
    0x20001341   COMPRESSED   0x00000003   PAD
    0x20001344        -       0x0000001c   Zero   RW         2310    .bss.robot          movecontrol.o
    0x20001360        -       0x00000001   Zero   RW         2131    .bss.robot_state    remotetask.o
    0x20001361   COMPRESSED   0x00000003   PAD
    0x20001364        -       0x00000054   Zero   RW         2112    .bss.task_block1    motorcontrol.o
    0x200013b8        -       0x00000054   Zero   RW         2114    .bss.task_block2    motorcontrol.o
    0x2000140c        -       0x00000004   Zero   RW         2108    .bss.task_handle    motorcontrol.o
    0x20001410        -       0x00000001   Zero   RW         2149    .bss.throw_flag     remotetask.o
    0x20001411   COMPRESSED   0x00000003   PAD
    0x20001414        -       0x00000004   Zero   RW         2094    .bss.throw_motor_target_rad  motorcontrol.o
    0x20001418        -       0x00000004   Zero   RW         2089    .bss.throw_motor_target_torque  motorcontrol.o
    0x2000141c        -       0x00000004   Zero   RW         2088    .bss.throw_motor_target_vel  motorcontrol.o
    0x20001420        -       0x00000001   Zero   RW         2084    .bss.throw_motor_vel_mode  motorcontrol.o
    0x20001421   COMPRESSED   0x00000003   PAD
    0x20001424        -       0x00000024   Zero   RW         2105    .bss.throw_pos_pid  motorcontrol.o
    0x20001448        -       0x00000001   Zero   RW         2146    .bss.throw_ready_flag  remotetask.o
    0x20001449   COMPRESSED   0x00000003   PAD
    0x2000144c        -       0x00000024   Zero   RW         2104    .bss.throw_vel_pid  motorcontrol.o
    0x20001470        -       0x00003c00   Zero   RW         1686    .bss.ucHeap         heap_4.o
    0x20005070        -       0x00000001   Zero   RW         1720    .bss.ucMaxSysCallPriority  port.o
    0x20005071   COMPRESSED   0x00000003   PAD
    0x20005074        -       0x00000004   Zero   RW         1721    .bss.ulMaxPRIGROUPValue  port.o
    0x20005078        -       0x00000001   Zero   RW         2133    .bss.use_pc         remotetask.o
    0x20005079   COMPRESSED   0x00000003   PAD
    0x2000507c        -       0x00000004   Zero   RW         1059    .bss.uwTick         stm32f4xx_hal.o
    0x20005080        -       0x00000004   Zero   RW         1519    .bss.uxCurrentNumberOfTasks  tasks.o
    0x20005084        -       0x00000004   Zero   RW         1518    .bss.uxDeletedTasksWaitingCleanUp  tasks.o
    0x20005088        -       0x00000004   Zero   RW         1521    .bss.uxSchedulerSuspended  tasks.o
    0x2000508c        -       0x00000004   Zero   RW         1516    .bss.uxTaskNumber   tasks.o
    0x20005090        -       0x00000004   Zero   RW         1515    .bss.uxTopReadyPriority  tasks.o
    0x20005094        -       0x00000004   Zero   RW         1680    .bss.xBlockAllocatedBit  heap_4.o
    0x20005098        -       0x00000014   Zero   RW         1533    .bss.xDelayedTaskList1  tasks.o
    0x200050ac        -       0x00000014   Zero   RW         1534    .bss.xDelayedTaskList2  tasks.o
    0x200050c0        -       0x00000004   Zero   RW         1681    .bss.xFreeBytesRemaining  heap_4.o
    0x200050c4        -       0x00000200   Zero   RW           42    .bss.xIdleStack     freertos.o
    0x200052c4        -       0x00000004   Zero   RW         1526    .bss.xIdleTaskHandle  tasks.o
    0x200052c8        -       0x00000054   Zero   RW           41    .bss.xIdleTaskTCBBuffer  freertos.o
    0x2000531c        -       0x00000004   Zero   RW         1683    .bss.xMinimumEverFreeBytesRemaining  heap_4.o
    0x20005320        -       0x00000004   Zero   RW         1527    .bss.xNextTaskUnblockTime  tasks.o
    0x20005324        -       0x00000004   Zero   RW         1532    .bss.xNumOfOverflows  tasks.o
    0x20005328        -       0x00000004   Zero   RW         1684    .bss.xNumberOfSuccessfulAllocations  heap_4.o
    0x2000532c        -       0x00000004   Zero   RW         1685    .bss.xNumberOfSuccessfulFrees  heap_4.o
    0x20005330        -       0x00000004   Zero   RW         1529    .bss.xPendedTicks   tasks.o
    0x20005334        -       0x00000014   Zero   RW         1524    .bss.xPendingReadyList  tasks.o
    0x20005348        -       0x00000004   Zero   RW         1520    .bss.xSchedulerRunning  tasks.o
    0x2000534c        -       0x00000008   Zero   RW         1682    .bss.xStart         heap_4.o
    0x20005354        -       0x00000014   Zero   RW         1523    .bss.xSuspendedTaskList  tasks.o
    0x20005368        -       0x00000014   Zero   RW         1517    .bss.xTasksWaitingTermination  tasks.o
    0x2000537c        -       0x00000004   Zero   RW         1522    .bss.xTickCount     tasks.o
    0x20005380        -       0x00000004   Zero   RW         1528    .bss.xYieldPending  tasks.o
    0x20005384   COMPRESSED   0x00000004   PAD
    0x20005388        -       0x00000c00   Zero   RW            2    HEAP                startup_stm32f407xx.o
    0x20005f88        -       0x00000400   Zero   RW            1    STACK               startup_stm32f407xx.o


    Execution Region RW_IRAM2 (Exec base: 0x2001c000, Load base: 0x080121e0, Size: 0x00000000, Max: 0x00004000, ABSOLUTE)

    **** No section assigned to this execution region ****


==============================================================================

Image component sizes


      Code (inc. data)   RO Data    RW Data    ZI Data      Debug   Object Name

      5786         96          0        156         26       9475   actions.o
      1298         28          0          0          0       2023   bezier.o
       152          4          0          0         12       3422   bsp_dwt.o
       588          0          0          0         84       6448   can.o
       226          0          0          0          0       4010   candrive.o
        10          0          0          0          0      16349   cmsis_os.o
       260          0          0          0          0       3349   dma.o
       320          0         45          0        628       2776   freertos.o
       436          0          0          0          0       2268   gpio.o
      1084          0          0          0      15392       4424   heap_4.o
       228          4          0          0          0       1083   kalman.o
       296          0          0          0          0       2227   list.o
       458          0          0          0          0       6184   main.o
       228          4          0          0          0       5611   motor.o
      1996          0         16        364       1327       8509   motorcontrol.o
       102          0          0          0          0       3988   motorex.o
      2728        100          0         78        327       4667   movecontrol.o
       330         24         30          0          0       5483   odrive.o
       256          0          0          0          0       1293   pid_old.o
      1128         16          0          4          5       3834   port.o
      2812          0          0          0          0      14880   queue.o
      4340         40         39         24        212       8742   remotetask.o
      1106         60          0          0          0       7398   robstride2.o
       192          0          0          0          0       1765   slope.o
        64         26        392          0       4096        848   startup_stm32f407xx.o
        92          0          0          5          4       7119   stm32f4xx_hal.o
      3080          0          0          0          0      11570   stm32f4xx_hal_can.o
       384          0          0          0          0       9730   stm32f4xx_hal_cortex.o
      2068          8          8          0          0       8508   stm32f4xx_hal_dma.o
      1042          0          0          0          0       5104   stm32f4xx_hal_gpio.o
        88          0          0          0          0       3364   stm32f4xx_hal_msp.o
      2730          0          0          0          0       7581   stm32f4xx_hal_rcc.o
      3278         14          0          0          0      36024   stm32f4xx_hal_tim.o
       484          0          0          0          0      15344   stm32f4xx_hal_tim_ex.o
       236          0          0          0         72       7106   stm32f4xx_hal_timebase_tim.o
      3810          0          0          0          0      20352   stm32f4xx_hal_uart.o
       358          0          0          0          0       2790   stm32f4xx_it.o
        18          0         24          4          0       2532   system_stm32f4xx.o
      5072          0          5          0        300      21418   tasks.o
       886          0          0          0        216       7110   tim.o
      2194          0          0          0       1392       9280   usart.o
      2088         12          0        588          0       3195   vague_pid.o

    ----------------------------------------------------------------------
     54536        436        596       1244      24140     309183   Object Totals
         0          0         32          0          0          0   (incl. Generated)
       204          0          5         21         47          0   (incl. Padding)

    ----------------------------------------------------------------------

      Code (inc. data)   RO Data    RW Data    ZI Data      Debug   Library Member Name

         0          0       2052          0          0       6294   arm_common_tables.o
       292         16          0          0          0       1600   arm_sin_cos_f32.o
        90          0          0          0          0          0   __dczerorl2.o
         8          0          0          0          0         68   __main.o
         0          0          0          0          0          0   __rtentry.o
        12          0          0          0          0          0   __rtentry2.o
         6          0          0          0          0          0   __rtentry4.o
        94          8          0          0          0          0   __scatter.o
        28          0          0          0          0          0   __scatter_zi.o
        72          0          0          0          0         96   _c16rtomb.o
        28          0          0          0          0         68   _chval.o
        64          0          0          0          0         84   _mbrtoc16.o
        22          0          0          0          0        100   _rserrno.o
       884          6          0          0          0        100   _scanf.o
       332          0          0          0          0         96   _scanf_int.o
       342          0          0          0          0        100   _scanf_longlong.o
       276          0          0          0          0        100   _scanf_mbtowc.o
       224          0          0          0          0         96   _scanf_str.o
        30          0          0          0          0         76   _scanf_wcharmap.o
       232          0          0          0          0        100   _scanf_wctomb.o
       208          0          0          0          0         96   _scanf_wstr.o
        64          0          0          0          0         84   _sgetc.o
        16          0          0          0          0         68   aeabi_memset4.o
       228          4        148          0          0         96   bigflt0.o
      1924        136          0          0          0        752   btod.o
        18          0          0          0          0         80   exit.o
         6          0          0          0          0        152   heapauxi.o
         0          0          0          0          0          0   indicate_semi.o
        18          0          0          0          0         76   isspace.o
        44         10        272          0          0         76   lc_ctype_c.o
        44         10         28          0          0         76   lc_numeric_c.o
         2          0          0          0          0          0   libinit.o
        34          0          0          0          0          0   libinit2.o
         2          0          0          0          0          0   libshutdown.o
         2          0          0          0          0          0   libshutdown2.o
         8          4          0          0         96         68   libspace.o
        38          0          0          0          0         68   llshl.o
       240          0          0          0          0        100   lludivv7m.o
        16          4          0          0          0         76   rt_ctype_table.o
         8          4          0          0          0         68   rt_errno_addr_intlibspace.o
         8          4          0          0          0         68   rt_locale_intlibspace.o
        78          0          0          0          0         80   rt_memclr_w.o
       138          0          0          0          0         68   rt_memcpy_v6.o
       100          0          0          0          0         80   rt_memcpy_w.o
         2          0          0          0          0          0   rtexit.o
        10          0          0          0          0          0   rtexit2.o
        44          8          0          0          0         84   scanf_char.o
      1286         16          0          0          0        236   scanf_fp.o
       800         14          0          0          0        100   scanf_hexfp.o
       308         16          0          0          0        100   scanf_infnan.o
        60          8          0          0          0         84   sscanf.o
       124          0          0          0          0         88   strcmpv7em.o
        12          4          0          0          0         68   sys_exit.o
        74          0          0          0          0         80   sys_stackheap_outer.o
         2          0          0          0          0         68   use_no_semi.o
        98          4          0          0          0        140   d2f.o
       812         16          0          0          0        392   daddsub_clz.o
        16          4          0          0          0        116   dcheck1.o
        84          0          0          0          0        244   dcmp.o
        24          0          0          0          0        116   dcmpi.o
       696        140          0          0          0        264   ddiv.o
       120          4          0          0          0        140   deqf.o
       120          4          0          0          0        140   dgeqf.o
       120          4          0          0          0        140   dleqf.o
       340         12          0          0          0        152   dmul.o
       156          4          0          0          0        140   dnaninf.o
        12          0          0          0          0        116   dretinf.o
       108          0          0          0          0        128   drleqf.o
       408         56          0          0          0        168   dsqrt_umaal.o
        86          4          0          0          0        132   f2d.o
       140          4          0          0          0        132   fnaninf.o
         0          0         16          0          0          0   fpconst.o
        26          0          0          0          0        116   fpinit.o
        10          0          0          0          0        116   fretinf.o
         6          0          0          0          0        116   istatus.o
       100          0          0          0          0        116   retnan.o
        92          0          0          0          0        116   scalbn.o
         4          0          0          0          0        116   scanf1.o
         8          0          0          0          0        132   scanf2.o
        48          0          0          0          0        116   trapv.o
         0          0          0          0          0          0   usenofp.o
       280         46          0          0          0        176   acosf.o
       684         90          0          0          0        208   atan2f.o
       272         36        144          0          0        116   cbrtf.o
       336         56          0          0          0        136   cosf.o
        64         16          0          0          0        248   dunder.o
        38          0          0          0          0        116   fpclassifyf.o
       140         22          0          0          0        132   frexp.o
        44         12          0          0          0        464   funder.o
       228          8          0          0          0        308   ldexp.o
       266         16          0          0          0        308   narrow.o
       340         24         32          0          0        160   rredf.o
       400         56          0          0          0        212   sinf.o
       122          0          0          0          0        148   sqrt.o
       120          0          0          0          0        272   sqrtf.o

    ----------------------------------------------------------------------
     16008        914       2692          0         96      18726   Library Totals
        38          4          0          0          0          0   (incl. Padding)

    ----------------------------------------------------------------------

      Code (inc. data)   RO Data    RW Data    ZI Data      Debug   Library Name

       292         16       2052          0          0       7894   arm_cortexM4lf_math.lib
      8710        256        448          0         96       4224   c_w.l
      3634        256         16          0          0       3604   fz_wm.l
      3334        382        176          0          0       3004   m_wm.l

    ----------------------------------------------------------------------
     16008        914       2692          0         96      18726   Library Totals

    ----------------------------------------------------------------------

==============================================================================


      Code (inc. data)   RO Data    RW Data    ZI Data      Debug   

     70544       1350       3288       1244      24236     320489   Grand Totals
     70544       1350       3288        376      24236     320489   ELF Image Totals (compressed)
     70544       1350       3288        376          0          0   ROM Totals

==============================================================================

    Total RO  Size (Code + RO Data)                73832 (  72.10kB)
    Total RW  Size (RW Data + ZI Data)             25480 (  24.88kB)
    Total ROM Size (Code + RO Data + RW Data)      74208 (  72.47kB)

==============================================================================

